Archive member included to satisfy reference by file (symbol)

C:/ST/STM32CubeIDE_1.19.0/STM32CubeIDE/plugins/com.st.stm32cube.ide.mcu.externaltools.gnu-tools-for-stm32.13.3.rel1.win32_1.0.0.202411081344/tools/bin/../lib/gcc/arm-none-eabi/13.3.1/../../../../arm-none-eabi/lib/thumb/v7e-m+fp/hard\libc_nano.a(libc_a-exit.o)
                              C:/ST/STM32CubeIDE_1.19.0/STM32CubeIDE/plugins/com.st.stm32cube.ide.mcu.externaltools.gnu-tools-for-stm32.13.3.rel1.win32_1.0.0.202411081344/tools/bin/../lib/gcc/arm-none-eabi/13.3.1/../../../../arm-none-eabi/lib/thumb/v7e-m+fp/hard/crt0.o (exit)
C:/ST/STM32CubeIDE_1.19.0/STM32CubeIDE/plugins/com.st.stm32cube.ide.mcu.externaltools.gnu-tools-for-stm32.13.3.rel1.win32_1.0.0.202411081344/tools/bin/../lib/gcc/arm-none-eabi/13.3.1/../../../../arm-none-eabi/lib/thumb/v7e-m+fp/hard\libc_nano.a(libc_a-ctype_.o)
                              ./Src/shell.o (_ctype_)
C:/ST/STM32CubeIDE_1.19.0/STM32CubeIDE/plugins/com.st.stm32cube.ide.mcu.externaltools.gnu-tools-for-stm32.13.3.rel1.win32_1.0.0.202411081344/tools/bin/../lib/gcc/arm-none-eabi/13.3.1/../../../../arm-none-eabi/lib/thumb/v7e-m+fp/hard\libc_nano.a(libc_a-findfp.o)
                              C:/ST/STM32CubeIDE_1.19.0/STM32CubeIDE/plugins/com.st.stm32cube.ide.mcu.externaltools.gnu-tools-for-stm32.13.3.rel1.win32_1.0.0.202411081344/tools/bin/../lib/gcc/arm-none-eabi/13.3.1/../../../../arm-none-eabi/lib/thumb/v7e-m+fp/hard\libc_nano.a(libc_a-exit.o) (__stdio_exit_handler)
C:/ST/STM32CubeIDE_1.19.0/STM32CubeIDE/plugins/com.st.stm32cube.ide.mcu.externaltools.gnu-tools-for-stm32.13.3.rel1.win32_1.0.0.202411081344/tools/bin/../lib/gcc/arm-none-eabi/13.3.1/../../../../arm-none-eabi/lib/thumb/v7e-m+fp/hard\libc_nano.a(libc_a-fwalk.o)
                              C:/ST/STM32CubeIDE_1.19.0/STM32CubeIDE/plugins/com.st.stm32cube.ide.mcu.externaltools.gnu-tools-for-stm32.13.3.rel1.win32_1.0.0.202411081344/tools/bin/../lib/gcc/arm-none-eabi/13.3.1/../../../../arm-none-eabi/lib/thumb/v7e-m+fp/hard\libc_nano.a(libc_a-findfp.o) (_fwalk_sglue)
C:/ST/STM32CubeIDE_1.19.0/STM32CubeIDE/plugins/com.st.stm32cube.ide.mcu.externaltools.gnu-tools-for-stm32.13.3.rel1.win32_1.0.0.202411081344/tools/bin/../lib/gcc/arm-none-eabi/13.3.1/../../../../arm-none-eabi/lib/thumb/v7e-m+fp/hard\libc_nano.a(libc_a-stdio.o)
                              C:/ST/STM32CubeIDE_1.19.0/STM32CubeIDE/plugins/com.st.stm32cube.ide.mcu.externaltools.gnu-tools-for-stm32.13.3.rel1.win32_1.0.0.202411081344/tools/bin/../lib/gcc/arm-none-eabi/13.3.1/../../../../arm-none-eabi/lib/thumb/v7e-m+fp/hard\libc_nano.a(libc_a-findfp.o) (__sread)
C:/ST/STM32CubeIDE_1.19.0/STM32CubeIDE/plugins/com.st.stm32cube.ide.mcu.externaltools.gnu-tools-for-stm32.13.3.rel1.win32_1.0.0.202411081344/tools/bin/../lib/gcc/arm-none-eabi/13.3.1/../../../../arm-none-eabi/lib/thumb/v7e-m+fp/hard\libc_nano.a(libc_a-memset.o)
                              C:/ST/STM32CubeIDE_1.19.0/STM32CubeIDE/plugins/com.st.stm32cube.ide.mcu.externaltools.gnu-tools-for-stm32.13.3.rel1.win32_1.0.0.202411081344/tools/bin/../lib/gcc/arm-none-eabi/13.3.1/../../../../arm-none-eabi/lib/thumb/v7e-m+fp/hard/crt0.o (memset)
C:/ST/STM32CubeIDE_1.19.0/STM32CubeIDE/plugins/com.st.stm32cube.ide.mcu.externaltools.gnu-tools-for-stm32.13.3.rel1.win32_1.0.0.202411081344/tools/bin/../lib/gcc/arm-none-eabi/13.3.1/../../../../arm-none-eabi/lib/thumb/v7e-m+fp/hard\libc_nano.a(libc_a-strchr.o)
                              ./Src/shell.o (strchr)
C:/ST/STM32CubeIDE_1.19.0/STM32CubeIDE/plugins/com.st.stm32cube.ide.mcu.externaltools.gnu-tools-for-stm32.13.3.rel1.win32_1.0.0.202411081344/tools/bin/../lib/gcc/arm-none-eabi/13.3.1/../../../../arm-none-eabi/lib/thumb/v7e-m+fp/hard\libc_nano.a(libc_a-strncpy.o)
                              ./Src/fat.o (strncpy)
C:/ST/STM32CubeIDE_1.19.0/STM32CubeIDE/plugins/com.st.stm32cube.ide.mcu.externaltools.gnu-tools-for-stm32.13.3.rel1.win32_1.0.0.202411081344/tools/bin/../lib/gcc/arm-none-eabi/13.3.1/../../../../arm-none-eabi/lib/thumb/v7e-m+fp/hard\libc_nano.a(libc_a-closer.o)
                              C:/ST/STM32CubeIDE_1.19.0/STM32CubeIDE/plugins/com.st.stm32cube.ide.mcu.externaltools.gnu-tools-for-stm32.13.3.rel1.win32_1.0.0.202411081344/tools/bin/../lib/gcc/arm-none-eabi/13.3.1/../../../../arm-none-eabi/lib/thumb/v7e-m+fp/hard\libc_nano.a(libc_a-stdio.o) (_close_r)
C:/ST/STM32CubeIDE_1.19.0/STM32CubeIDE/plugins/com.st.stm32cube.ide.mcu.externaltools.gnu-tools-for-stm32.13.3.rel1.win32_1.0.0.202411081344/tools/bin/../lib/gcc/arm-none-eabi/13.3.1/../../../../arm-none-eabi/lib/thumb/v7e-m+fp/hard\libc_nano.a(libc_a-reent.o)
                              C:/ST/STM32CubeIDE_1.19.0/STM32CubeIDE/plugins/com.st.stm32cube.ide.mcu.externaltools.gnu-tools-for-stm32.13.3.rel1.win32_1.0.0.202411081344/tools/bin/../lib/gcc/arm-none-eabi/13.3.1/../../../../arm-none-eabi/lib/thumb/v7e-m+fp/hard\libc_nano.a(libc_a-closer.o) (errno)
[...]
Memory Configuration

Name             Origin             Length             Attributes
RAM              0x20000000         0x00020000         xrw
FLASH            0x08000000         0x00080000         xr
*default*        0x00000000         0xffffffff

Linker script and memory map

LOAD C:/ST/STM32CubeIDE_1.19.0/STM32CubeIDE/plugins/com.st.stm32cube.ide.mcu.externaltools.gnu-tools-for-stm32.13.3.rel1.win32_1.0.0.202411081344/tools/bin/../lib/gcc/arm-none-eabi/13.3.1/thumb/v7e-m+fp/hard/crti.o
LOAD C:/ST/STM32CubeIDE_1.19.0/STM32CubeIDE/plugins/com.st.stm32cube.ide.mcu.externaltools.gnu-tools-for-stm32.13.3.rel1.win32_1.0.0.202411081344/tools/bin/../lib/gcc/arm-none-eabi/13.3.1/thumb/v7e-m+fp/hard/crtbegin.o
LOAD C:/ST/STM32CubeIDE_1.19.0/STM32CubeIDE/plugins/com.st.stm32cube.ide.mcu.externaltools.gnu-tools-for-stm32.13.3.rel1.win32_1.0.0.202411081344/tools/bin/../lib/gcc/arm-none-eabi/13.3.1/../../../../arm-none-eabi/lib/thumb/v7e-m+fp/hard/crt0.o
LOAD ./Src/aleatorio.o
LOAD ./Src/api.o
LOAD ./Src/binario.o
LOAD ./Src/button.o
LOAD ./Src/buzzer.o
LOAD ./Src/context.o
LOAD ./Src/demo_prem.o
LOAD ./Src/demo_scheduler_rr.o
LOAD ./Src/disco.o
LOAD ./Src/fat.o
LOAD ./Src/fs.o
LOAD ./Src/herenciaprioridad.o
LOAD ./Src/loader.o
LOAD ./Src/main.o
LOAD ./Src/pantalla.o
LOAD ./Src/ramfs.o
LOAD ./Src/reconocedor.o
LOAD ./Src/sched.o
LOAD ./Src/shell.o
LOAD ./Src/snake.o
LOAD ./Src/sync.o
LOAD ./Src/syscalls.o
LOAD ./Src/sysmem.o
LOAD ./Src/tanque.o
LOAD ./Src/tron.o
LOAD ./Src/tron2.o
LOAD ./Src/troncancion.o
LOAD ./Src/uart.o
LOAD ./Src/user_apps.o
LOAD ./Startup/startup_stm32f446retx.o
START GROUP
LOAD C:/ST/STM32CubeIDE_1.19.0/STM32CubeIDE/plugins/com.st.stm32cube.ide.mcu.externaltools.gnu-tools-for-stm32.13.3.rel1.win32_1.0.0.202411081344/tools/bin/../lib/gcc/arm-none-eabi/13.3.1/../../../../arm-none-eabi/lib/thumb/v7e-m+fp/hard\libc_nano.a
LOAD C:/ST/STM32CubeIDE_1.19.0/STM32CubeIDE/plugins/com.st.stm32cube.ide.mcu.externaltools.gnu-tools-for-stm32.13.3.rel1.win32_1.0.0.202411081344/tools/bin/../lib/gcc/arm-none-eabi/13.3.1/../../../../arm-none-eabi/lib/thumb/v7e-m+fp/hard\libm.a
END GROUP
START GROUP
LOAD C:/ST/STM32CubeIDE_1.19.0/STM32CubeIDE/plugins/com.st.stm32cube.ide.mcu.externaltools.gnu-tools-for-stm32.13.3.rel1.win32_1.0.0.202411081344/tools/bin/../lib/gcc/arm-none-eabi/13.3.1/thumb/v7e-m+fp/hard\libgcc.a
LOAD C:/ST/STM32CubeIDE_1.19.0/STM32CubeIDE/plugins/com.st.stm32cube.ide.mcu.externaltools.gnu-tools-for-stm32.13.3.rel1.win32_1.0.0.202411081344/tools/bin/../lib/gcc/arm-none-eabi/13.3.1/../../../../arm-none-eabi/lib/thumb/v7e-m+fp/hard\libc_nano.a
END GROUP
START GROUP
LOAD C:/ST/STM32CubeIDE_1.19.0/STM32CubeIDE/plugins/com.st.stm32cube.ide.mcu.externaltools.gnu-tools-for-stm32.13.3.rel1.win32_1.0.0.202411081344/tools/bin/../lib/gcc/arm-none-eabi/13.3.1/thumb/v7e-m+fp/hard\libgcc.a
LOAD C:/ST/STM32CubeIDE_1.19.0/STM32CubeIDE/plugins/com.st.stm32cube.ide.mcu.externaltools.gnu-tools-for-stm32.13.3.rel1.win32_1.0.0.202411081344/tools/bin/../lib/gcc/arm-none-eabi/13.3.1/../../../../arm-none-eabi/lib/thumb/v7e-m+fp/hard\libc_nano.a
LOAD C:/ST/STM32CubeIDE_1.19.0/STM32CubeIDE/plugins/com.st.stm32cube.ide.mcu.externaltools.gnu-tools-for-stm32.13.3.rel1.win32_1.0.0.202411081344/tools/bin/../lib/gcc/arm-none-eabi/13.3.1/../../../../arm-none-eabi/lib/thumb/v7e-m+fp/hard\libnosys.a
END GROUP
START GROUP
LOAD C:/ST/STM32CubeIDE_1.19.0/STM32CubeIDE/plugins/com.st.stm32cube.ide.mcu.externaltools.gnu-tools-for-stm32.13.3.rel1.win32_1.0.0.202411081344/tools/bin/../lib/gcc/arm-none-eabi/13.3.1/thumb/v7e-m+fp/hard\libgcc.a
LOAD C:/ST/STM32CubeIDE_1.19.0/STM32CubeIDE/plugins/com.st.stm32cube.ide.mcu.externaltools.gnu-tools-for-stm32.13.3.rel1.win32_1.0.0.202411081344/tools/bin/../lib/gcc/arm-none-eabi/13.3.1/../../../../arm-none-eabi/lib/thumb/v7e-m+fp/hard\libc_nano.a
LOAD C:/ST/STM32CubeIDE_1.19.0/STM32CubeIDE/plugins/com.st.stm32cube.ide.mcu.externaltools.gnu-tools-for-stm32.13.3.rel1.win32_1.0.0.202411081344/tools/bin/../lib/gcc/arm-none-eabi/13.3.1/../../../../arm-none-eabi/lib/thumb/v7e-m+fp/hard\libnosys.a
END GROUP
LOAD C:/ST/STM32CubeIDE_1.19.0/STM32CubeIDE/plugins/com.st.stm32cube.ide.mcu.externaltools.gnu-tools-for-stm32.13.3.rel1.win32_1.0.0.202411081344/tools/bin/../lib/gcc/arm-none-eabi/13.3.1/thumb/v7e-m+fp/hard/crtend.o
LOAD C:/ST/STM32CubeIDE_1.19.0/STM32CubeIDE/plugins/com.st.stm32cube.ide.mcu.externaltools.gnu-tools-for-stm32.13.3.rel1.win32_1.0.0.202411081344/tools/bin/../lib/gcc/arm-none-eabi/13.3.1/thumb/v7e-m+fp/hard/crtn.o
                0x20020000                        _estack = (ORIGIN (RAM) + LENGTH (RAM))
                0x00000200                        _Min_Heap_Size = 0x200
                0x00000400                        _Min_Stack_Size = 0x400

.isr_vector     0x08000000      0x1c4
                0x08000000                        . = ALIGN (0x4)
 *(.isr_vector)
 .isr_vector    0x08000000      0x1c4 ./Startup/startup_stm32f446retx.o
                0x08000000                g_pfnVectors
                0x080001c4                        . = ALIGN (0x4)

.text           0x080001c4    0x13260
                0x080001c4                        . = ALIGN (0x4)
 *(.text)
 .text          0x080001c4       0x40 C:/ST/STM32CubeIDE_1.19.0/STM32CubeIDE/plugins/com.st.stm32cube.ide.mcu.externaltools.gnu-tools-for-stm32.13.3.rel1.win32_1.0.0.202411081344/tools/bin/../lib/gcc/arm-none-eabi/13.3.1/thumb/v7e-m+fp/hard/crtbegin.o
 .text          0x08000204       0x14 C:/ST/STM32CubeIDE_1.19.0/STM32CubeIDE/plugins/com.st.stm32cube.ide.mcu.externaltools.gnu-tools-for-stm32.13.3.rel1.win32_1.0.0.202411081344/tools/bin/../lib/gcc/arm-none-eabi/13.3.1/../../../../arm-none-eabi/lib/thumb/v7e-m+fp/hard\libc_nano.a(libc_a-strcmp.o)
                0x08000204                strcmp
 .text          0x08000218       0x10 C:/ST/STM32CubeIDE_1.19.0/STM32CubeIDE/plugins/com.st.stm32cube.ide.mcu.externaltools.gnu-tools-for-stm32.13.3.rel1.win32_1.0.0.202411081344/tools/bin/../lib/gcc/arm-none-eabi/13.3.1/../../../../arm-none-eabi/lib/thumb/v7e-m+fp/hard\libc_nano.a(libc_a-strlen.o)
                0x08000218                strlen
 .text          0x08000228      0x378 C:/ST/STM32CubeIDE_1.19.0/STM32CubeIDE/plugins/com.st.stm32cube.ide.mcu.externaltools.gnu-tools-for-stm32.13.3.rel1.win32_1.0.0.202411081344/tools/bin/../lib/gcc/arm-none-eabi/13.3.1/thumb/v7e-m+fp/hard\libgcc.a(_arm_addsubdf3.o)
                0x08000228                __aeabi_drsub
                0x08000230                __aeabi_dsub
                0x08000230                __subdf3
                0x08000234                __aeabi_dadd
                0x08000234                __adddf3
                0x080004ac                __floatunsidf
                0x080004ac                __aeabi_ui2d
                0x080004cc                __floatsidf
                0x080004cc                __aeabi_i2d
                0x080004f0                __aeabi_f2d
                0x080004f0                __extendsfdf2
                0x08000534                __floatundidf
                0x08000534                __aeabi_ul2d
                0x08000544                __floatdidf
                0x08000544                __aeabi_l2d
 .text          0x080005a0       0x50 C:/ST/STM32CubeIDE_1.19.0/STM32CubeIDE/plugins/com.st.stm32cube.ide.mcu.externaltools.gnu-tools-for-stm32.13.3.rel1.win32_1.0.0.202411081344/tools/bin/../lib/gcc/arm-none-eabi/13.3.1/thumb/v7e-m+fp/hard\libgcc.a(_arm_fixdfsi.o)
                0x080005a0                __aeabi_d2iz
                0x080005a0                __fixdfsi
 *(.text*)
 .text.obtener_entropia_sistema
                0x080005f0       0x80 ./Src/aleatorio.o
 .text.hash_mezcla
                0x08000670       0x50 ./Src/aleatorio.o
 .text.aleatorio_init
                0x080006c0       0x80 ./Src/aleatorio.o
                0x080006c0                aleatorio_init
 .text.aleatorio_obtener
                0x08000740       0x70 ./Src/aleatorio.o
                0x08000740                aleatorio_obtener
 .text.aleatorio_rango
                0x080007b0       0x42 ./Src/aleatorio.o
                0x080007b0                aleatorio_rango
 *fill*         0x080007f2        0x2 
 .text.daos_task_create
                0x080007f4       0x64 ./Src/api.o
                0x080007f4                daos_task_create
 .text.daos_sleep_ms
                0x08000858       0x16 ./Src/api.o
                0x08000858                daos_sleep_ms
 .text.daos_millis
                0x0800086e        0xe ./Src/api.o
                0x0800086e                daos_millis
 .text.daos_get_current_task_id
                0x0800087c        0xe ./Src/api.o
                0x0800087c                daos_get_current_task_id
 *fill*         0x0800088a        0x2 
 .text.daos_get_task_real_priority
                0x0800088c       0x58 ./Src/api.o
                0x0800088c                daos_get_task_real_priority
 .text.daos_get_task_list
                0x080008e4       0xac ./Src/api.o
                0x080008e4                daos_get_task_list
 .text.daos_mutex_init
                0x08000990       0x1c ./Src/api.o
                0x08000990                daos_mutex_init
 .text.daos_mutex_lock
                0x080009ac       0x1c ./Src/api.o
                0x080009ac                daos_mutex_lock
 .text.daos_mutex_unlock
                0x080009c8       0x1c ./Src/api.o
                0x080009c8                daos_mutex_unlock
 .text.daos_mutex_trylock
                0x080009e4       0x22 ./Src/api.o
                0x080009e4                daos_mutex_trylock
 .text.daos_mutex_lock_ex
                0x08000a06       0x22 ./Src/api.o
                0x08000a06                daos_mutex_lock_ex
 .text.daos_open
                0x08000a28       0x1a ./Src/api.o
                0x08000a28                daos_open
 .text.daos_read
                0x08000a42       0x22 ./Src/api.o
                0x08000a42                daos_read
 .text.daos_close
                0x08000a64       0x18 ./Src/api.o
                0x08000a64                daos_close
 .text.daos_listdir
                0x08000a7c       0x1c ./Src/api.o
                0x08000a7c                daos_listdir
 .text.daos_exists
                0x08000a98       0x18 ./Src/api.o
                0x08000a98                daos_exists
 .text.daos_get_file_size
                0x08000ab0       0x18 ./Src/api.o
                0x08000ab0                daos_get_file_size
 .text.daos_create_file
                0x08000ac8       0x20 ./Src/api.o
                0x08000ac8                daos_create_file
 .text.daos_delete_file
                0x08000ae8       0x18 ./Src/api.o
                0x08000ae8                daos_delete_file
 .text.daos_append
                0x08000b00       0x20 ./Src/api.o
                0x08000b00                daos_append
 .text.daos_gfx_init
                0x08000b20        0xc ./Src/api.o
                0x08000b20                daos_gfx_init
 .text.daos_gfx_clear
                0x08000b2c       0x1a ./Src/api.o
                0x08000b2c                daos_gfx_clear
 .text.daos_gfx_fill_rect
                0x08000b46       0x30 ./Src/api.o
                0x08000b46                daos_gfx_fill_rect
 .text.daos_gfx_draw_pixel
                0x08000b76       0x26 ./Src/api.o
                0x08000b76                daos_gfx_draw_pixel
 .text.daos_gfx_draw_text
                0x08000b9c       0x2c ./Src/api.o
                0x08000b9c                daos_gfx_draw_text
 .text.daos_gfx_draw_text_large
                0x08000bc8       0x30 ./Src/api.o
                0x08000bc8                daos_gfx_draw_text_large
 .text.daos_gfx_draw_circle_filled
                0x08000bf8       0x28 ./Src/api.o
                0x08000bf8                daos_gfx_draw_circle_filled
 .text.daos_btn_get_press_count
                0x08000c20       0x24 ./Src/api.o
                0x08000c20                daos_btn_get_press_count
 .text.daos_btn_update_all
                0x08000c44       0x10 ./Src/api.o
                0x08000c44                daos_btn_update_all
 .text.daos_btn_read_by_index
                0x08000c54       0x18 ./Src/api.o
                0x08000c54                daos_btn_read_by_index
 .text.daos_btn_get_count_by_index
                0x08000c6c       0x18 ./Src/api.o
                0x08000c6c                daos_btn_get_count_by_index
 .text.daos_uart_puts
                0x08000c84       0x16 ./Src/api.o
                0x08000c84                daos_uart_puts
 .text.daos_uart_putc
                0x08000c9a       0x1a ./Src/api.o
                0x08000c9a                daos_uart_putc
 .text.daos_uart_putint
                0x08000cb4       0x16 ./Src/api.o
                0x08000cb4                daos_uart_putint
 *fill*         0x08000cca        0x2 
 .text.daos_loader_exec
                0x08000ccc       0x64 ./Src/api.o
                0x08000ccc                daos_loader_exec
 .text.daos_loader_list_apps
                0x08000d30        0xc ./Src/api.o
                0x08000d30                daos_loader_list_apps
 .text.daos_loader_get_app_count
                0x08000d3c        0xe ./Src/api.o
                0x08000d3c                daos_loader_get_app_count
 *fill*         0x08000d4a        0x2 
 .text.daos_get_version
                0x08000d4c       0x14 ./Src/api.o
                0x08000d4c                daos_get_version
 .text.daos_get_memory_info
                0x08000d60       0x44 ./Src/api.o
                0x08000d60                daos_get_memory_info
 .text.daos_get_uptime_seconds
                0x08000da4       0x1c ./Src/api.o
                0x08000da4                daos_get_uptime_seconds
 .text.daos_random_init
                0x08000dc0        0xc ./Src/api.o
                0x08000dc0                daos_random_init
 .text.daos_random_range
                0x08000dcc       0x1c ./Src/api.o
                0x08000dcc                daos_random_range
 .text.daos_binario_calcular_checksum
                0x08000de8       0x44 ./Src/api.o
                0x08000de8                daos_binario_calcular_checksum
 .text.daos_binario_validar
                0x08000e2c       0x94 ./Src/api.o
                0x08000e2c                daos_binario_validar
 .text.daos_binario_cargar
                0x08000ec0       0x34 ./Src/api.o
                0x08000ec0                daos_binario_cargar
 .text.daos_binario_ejecutar
                0x08000ef4       0xb4 ./Src/api.o
                0x08000ef4                daos_binario_ejecutar
 .text.daos_binario_crear
                0x08000fa8       0xb8 ./Src/api.o
                0x08000fa8                daos_binario_crear
 .text.daos_mutex_get_inheritance_count
                0x08001060       0x22 ./Src/api.o
                0x08001060                daos_mutex_get_inheritance_count
 .text.daos_mutex_reset_inheritance_count
                0x08001082       0x1c ./Src/api.o
                0x08001082                daos_mutex_reset_inheritance_count
 *fill*         0x0800109e        0x2 
 .text.button_init
                0x080010a0       0x60 ./Src/button.o
                0x080010a0                button_init
 .text.button_read
                0x08001100       0x24 ./Src/button.o
                0x08001100                button_read
 .text.button_update
                0x08001124       0x38 ./Src/button.o
                0x08001124                button_update
 .text.button_was_pressed
                0x0800115c       0x28 ./Src/button.o
                0x0800115c                button_was_pressed
 .text.buttons_init
                0x08001184       0x94 ./Src/button.o
                0x08001184                buttons_init
 .text.button_read_index
                0x08001218       0x54 ./Src/button.o
                0x08001218                button_read_index
 .text.button_get_press_count_index
                0x0800126c       0x30 ./Src/button.o
                0x0800126c                button_get_press_count_index
 .text.buttons_update
                0x0800129c       0x70 ./Src/button.o
                0x0800129c                buttons_update
 .text.ctx_init
                0x0800130c       0x70 ./Src/context.o
                0x0800130c                ctx_init
 .text.uint32_to_str
                0x0800137c       0xec ./Src/demo_prem.o
 .text.draw_header
                0x08001468       0x28 ./Src/demo_prem.o
 .text.draw_task_stats
                0x08001490      0x378 ./Src/demo_prem.o
 .text.do_heavy_work
                0x08001808       0x94 ./Src/demo_prem.o
 .text.task_a_high
                0x0800189c       0xd0 ./Src/demo_prem.o
 .text.task_b_low
                0x0800196c      0x194 ./Src/demo_prem.o
 .text.task_c_normal
                0x08001b00       0x84 ./Src/demo_prem.o
 .text.monitor_task
                0x08001b84      0x294 ./Src/demo_prem.o
 .text.demo_prem_init
                0x08001e18      0x198 ./Src/demo_prem.o
                0x08001e18                demo_prem_init
 .text.demo_prem_reset
                0x08001fb0       0x98 ./Src/demo_prem.o
                0x08001fb0                demo_prem_reset
 .text.demo_prem_cleanup
                0x08002048       0x18 ./Src/demo_prem.o
                0x08002048                demo_prem_cleanup
 .text.demo_prem_input
                0x08002060       0x10 ./Src/demo_prem.o
                0x08002060                demo_prem_input
 .text.demo_prem_logic
                0x08002070       0x10 ./Src/demo_prem.o
                0x08002070                demo_prem_logic
 .text.demo_prem_render
                0x08002080       0x10 ./Src/demo_prem.o
                0x08002080                demo_prem_render
 .text.uint32_to_str
                0x08002090       0xec ./Src/demo_scheduler_rr.o
 .text.draw_header
                0x0800217c       0x28 ./Src/demo_scheduler_rr.o
 .text.draw_task_stats
                0x080021a4      0x504 ./Src/demo_scheduler_rr.o
 .text.task_a_critical
                0x080026a8       0x74 ./Src/demo_scheduler_rr.o
 .text.task_b_normal
                0x0800271c       0x74 ./Src/demo_scheduler_rr.o
 .text.task_c_normal
                0x08002790       0x74 ./Src/demo_scheduler_rr.o
 .text.task_d_low
                0x08002804       0x74 ./Src/demo_scheduler_rr.o
 .text.monitor_task
                0x08002878      0x2d8 ./Src/demo_scheduler_rr.o
 .text.demo_scheduler_rr_init
                0x08002b50      0x180 ./Src/demo_scheduler_rr.o
                0x08002b50                demo_scheduler_rr_init
 .text.demo_scheduler_rr_cleanup
                0x08002cd0       0x7c ./Src/demo_scheduler_rr.o
                0x08002cd0                demo_scheduler_rr_cleanup
 .text.demo_scheduler_rr_input
                0x08002d4c       0x10 ./Src/demo_scheduler_rr.o
                0x08002d4c                demo_scheduler_rr_input
 .text.demo_scheduler_rr_logic
                0x08002d5c       0x10 ./Src/demo_scheduler_rr.o
                0x08002d5c                demo_scheduler_rr_logic
 .text.demo_scheduler_rr_render
                0x08002d6c       0x10 ./Src/demo_scheduler_rr.o
                0x08002d6c                demo_scheduler_rr_render
 .text.integer_to_string
                0x08002d7c       0xbc ./Src/disco.o
 .text.get_simulated_time
                0x08002e38       0x18 ./Src/disco.o
 .text.draw_sprite_at
                0x08002e50      0x104 ./Src/disco.o
 .text.draw_platform
                0x08002f54      0x108 ./Src/disco.o
 .text.erase_player_at
                0x0800305c      0x2f8 ./Src/disco.o
 .text.draw_time_ball
                0x08003354       0x2a ./Src/disco.o
 *fill*         0x0800337e        0x2 
 .text.check_and_show_victory
                0x08003380      0x31c ./Src/disco.o
 .text.disco_input_task
                0x0800369c      0x648 ./Src/disco.o
                0x0800369c                disco_input_task
 .text.disco_logic_task
                0x08003ce4      0x598 ./Src/disco.o
                0x08003ce4                disco_logic_task
 .text.disco_render_task
                0x0800427c      0xb80 ./Src/disco.o
                0x0800427c                disco_render_task
 .text.disco_init
                0x08004dfc      0x3d4 ./Src/disco.o
                0x08004dfc                disco_init
 .text.disco_cleanup
                0x080051d0       0x28 ./Src/disco.o
                0x080051d0                disco_cleanup
 .text.fs_init  0x080051f8       0xb0 ./Src/fs.o
                0x080051f8                fs_init
 .text.uint32_to_str
                0x080052a8       0xec ./Src/herenciaprioridad.o
 .text.draw_header
                0x08005394       0x28 ./Src/herenciaprioridad.o
 .text.draw_stats
                0x080053bc      0x188 ./Src/herenciaprioridad.o
 .text.do_heavy_work
                0x08005544       0x94 ./Src/herenciaprioridad.o
 .text.task_a   0x080055d8      0x104 ./Src/herenciaprioridad.o
 .text.task_b   0x080056dc      0x230 ./Src/herenciaprioridad.o
 .text.monitor_task
                0x0800590c      0x110 ./Src/herenciaprioridad.o
 .text.herenciaprioridad_init
                0x08005a1c      0x124 ./Src/herenciaprioridad.o
                0x08005a1c                herenciaprioridad_init
 .text.herenciaprioridad_reset
                0x08005b40       0x80 ./Src/herenciaprioridad.o
                0x08005b40                herenciaprioridad_reset
 .text.herenciaprioridad_cleanup
                0x08005bc0       0x18 ./Src/herenciaprioridad.o
                0x08005bc0                herenciaprioridad_cleanup
 .text.herenciaprioridad_input_task
                0x08005bd8       0x10 ./Src/herenciaprioridad.o
                0x08005bd8                herenciaprioridad_input_task
 .text.herenciaprioridad_logic_task
                0x08005be8       0x10 ./Src/herenciaprioridad.o
                0x08005be8                herenciaprioridad_logic_task
 .text.herenciaprioridad_render_task
                0x08005bf8       0x10 ./Src/herenciaprioridad.o
                0x08005bf8                herenciaprioridad_render_task
 .text.herenciaprioridad_get_binario
                0x08005c08       0x10 ./Src/herenciaprioridad.o
                0x08005c08                herenciaprioridad_get_binario
 .text.loader_list_apps
                0x08005c18       0x90 ./Src/loader.o
                0x08005c18                loader_list_apps
 .text.loader_exec
                0x08005ca8       0xa8 ./Src/loader.o
                0x08005ca8                loader_exec
 .text.loader_get_app_count
                0x08005d50       0x10 ./Src/loader.o
                0x08005d50                loader_get_app_count
 .text.daos_cleanup_current_game
                0x08005d60       0x28 ./Src/main.o
                0x08005d60                daos_cleanup_current_game
 .text.system_monitor
                0x08005d88       0xbc ./Src/main.o
                0x08005d88                system_monitor
 .text.button_update_task
                0x08005e44      0x1d8 ./Src/main.o
                0x08005e44                button_update_task
 .text.draw_frame
                0x0800601c       0x76 ./Src/main.o
                0x0800601c                draw_frame
 *fill*         0x08006092        0x2 
 .text.draw_menu_option
                0x08006094      0x11c ./Src/main.o
                0x08006094                draw_menu_option
 .text.show_boot_animation
                0x080061b0       0xdc ./Src/main.o
                0x080061b0                show_boot_animation
 .text.show_game_banner
                0x0800628c      0x138 ./Src/main.o
                0x0800628c                show_game_banner
 .text.wait_for_game_start
                0x080063c4       0xb4 ./Src/main.o
                0x080063c4                wait_for_game_start
 .text.shell_lcd_display_task
                0x08006478       0xa4 ./Src/main.o
                0x08006478                shell_lcd_display_task
 .text.main     0x0800651c      0xf10 ./Src/main.o
                0x0800651c                main
 .text.delay_ms
                0x0800742c       0x32 ./Src/pantalla.o
 *fill*         0x0800745e        0x2 
 .text.spi_write
                0x08007460       0x44 ./Src/pantalla.o
 .text.lcd_cmd  0x080074a4       0x38 ./Src/pantalla.o
 .text.lcd_data
                0x080074dc       0x38 ./Src/pantalla.o
 .text.get_font_index
                0x08007514       0x64 ./Src/pantalla.o
 .text.pantalla_init
                0x08007578      0x13c ./Src/pantalla.o
                0x08007578                pantalla_init
 .text.pantalla_set_window
                0x080076b4       0x98 ./Src/pantalla.o
                0x080076b4                pantalla_set_window
 .text.pantalla_clear
                0x0800774c       0x24 ./Src/pantalla.o
                0x0800774c                pantalla_clear
 .text.pantalla_draw_pixel
                0x08007770       0x6c ./Src/pantalla.o
                0x08007770                pantalla_draw_pixel
 .text.pantalla_fill_rect
                0x080077dc       0xd0 ./Src/pantalla.o
                0x080077dc                pantalla_fill_rect
 .text.pantalla_draw_circle_filled
                0x080078ac       0xa6 ./Src/pantalla.o
                0x080078ac                pantalla_draw_circle_filled
 *fill*         0x08007952        0x2 
 .text.pantalla_draw_char
                0x08007954       0xc0 ./Src/pantalla.o
                0x08007954                pantalla_draw_char
 .text.pantalla_draw_string
                0x08007a14       0x4e ./Src/pantalla.o
                0x08007a14                pantalla_draw_string
 *fill*         0x08007a62        0x2 
 .text.pantalla_draw_string_large
                0x08007a64      0x148 ./Src/pantalla.o
                0x08007a64                pantalla_draw_string_large
 .text.find_free_inode
                0x08007bac       0x48 ./Src/ramfs.o
 .text.find_inode_by_name
                0x08007bf4       0x60 ./Src/ramfs.o
 .text.count_free_blocks_from
                0x08007c54       0x44 ./Src/ramfs.o
 .text.find_free_blocks
                0x08007c98       0x3e ./Src/ramfs.o
 *fill*         0x08007cd6        0x2 
 .text.mark_blocks_used
                0x08007cd8       0x3c ./Src/ramfs.o
 .text.free_blocks
                0x08007d14       0x3c ./Src/ramfs.o
 .text.find_free_fd
                0x08007d50       0x48 ./Src/ramfs.o
 .text.ramfs_open
                0x08007d98      0x200 ./Src/ramfs.o
                0x08007d98                ramfs_open
 .text.ramfs_read
                0x08007f98      0x16c ./Src/ramfs.o
                0x08007f98                ramfs_read
 .text.ramfs_write
                0x08008104      0x218 ./Src/ramfs.o
                0x08008104                ramfs_write
 .text.ramfs_close
                0x0800831c       0x94 ./Src/ramfs.o
                0x0800831c                ramfs_close
 .text.ramfs_create
                0x080083b0       0x4c ./Src/ramfs.o
                0x080083b0                ramfs_create
 .text.ramfs_delete
                0x080083fc       0x80 ./Src/ramfs.o
                0x080083fc                ramfs_delete
 .text.ramfs_exists
                0x0800847c       0x1e ./Src/ramfs.o
                0x0800847c                ramfs_exists
 *fill*         0x0800849a        0x2 
 .text.ramfs_get_size
                0x0800849c       0x3c ./Src/ramfs.o
                0x0800849c                ramfs_get_size
 .text.ramfs_listdir
                0x080084d8       0xac ./Src/ramfs.o
                0x080084d8                ramfs_listdir
 .text.ramfs_stats
                0x08008584       0xa4 ./Src/ramfs.o
                0x08008584                ramfs_stats
 .text.ramfs_append
                0x08008628       0x4c ./Src/ramfs.o
                0x08008628                ramfs_append
 .text.random_range
                0x08008674       0x28 ./Src/reconocedor.o
 .text.es_valido
                0x0800869c       0x44 ./Src/reconocedor.o
 .text.is_maniqui_at
                0x080086e0       0x78 ./Src/reconocedor.o
 .text.generar_laberinto_recursivo
                0x08008758      0x1a4 ./Src/reconocedor.o
 .text.crear_area_central
                0x080088fc       0x98 ./Src/reconocedor.o
 .text.colocar_cajas
                0x08008994      0x108 ./Src/reconocedor.o
 .text.colocar_raices
                0x08008a9c       0xe4 ./Src/reconocedor.o
 .text.generar_mapa_laberinto
                0x08008b80      0x214 ./Src/reconocedor.o
 .text.draw_horizontal_line
                0x08008d94       0x98 ./Src/reconocedor.o
 .text.draw_vertical_line
                0x08008e2c       0x96 ./Src/reconocedor.o
 .text.draw_tile
                0x08008ec2      0x13e ./Src/reconocedor.o
 .text.draw_tile_rotated
                0x08009000      0x1e4 ./Src/reconocedor.o
 .text.draw_tile_centro
                0x080091e4       0x88 ./Src/reconocedor.o
 .text.draw_tile_raiz
                0x0800926c       0x88 ./Src/reconocedor.o
 .text.redraw_tile_content
                0x080092f4      0x104 ./Src/reconocedor.o
 .text.try_move_escondedor
                0x080093f8      0x194 ./Src/reconocedor.o
 .text.toggle_maniqui
                0x0800958c      0x1ac ./Src/reconocedor.o
 .text.init_ray_table_3d
                0x08009738      0x208 ./Src/reconocedor.o
 .text.cast_ray_optimized
                0x08009940      0x208 ./Src/reconocedor.o
 .text.get_wall_color_fast_3d
                0x08009b48      0x174 ./Src/reconocedor.o
 .text.render_3d_view
                0x08009cbc      0x238 ./Src/reconocedor.o
 .text.draw_minimap_3d
                0x08009ef4      0x268 ./Src/reconocedor.o
 .text.draw_hud_3d
                0x0800a15c      0x4d8 ./Src/reconocedor.o
 .text.fase_2d_render
                0x0800a634      0x274 ./Src/reconocedor.o
 .text.fase_3d_render
                0x0800a8a8       0x34 ./Src/reconocedor.o
 .text.intentar_abrir_caja
                0x0800a8dc      0x3bc ./Src/reconocedor.o
 .text.reconocedor_input_task
                0x0800ac98      0x7c0 ./Src/reconocedor.o
                0x0800ac98                reconocedor_input_task
 .text.reconocedor_logic_task
                0x0800b458       0x20 ./Src/reconocedor.o
                0x0800b458                reconocedor_logic_task
 .text.reconocedor_render_task
                0x0800b478      0x448 ./Src/reconocedor.o
                0x0800b478                reconocedor_render_task
 .text.reconocedor_init
                0x0800b8c0       0xe8 ./Src/reconocedor.o
                0x0800b8c0                reconocedor_init
 .text.reconocedor_reset
                0x0800b9a8        0xc ./Src/reconocedor.o
                0x0800b9a8                reconocedor_reset
 .text.reconocedor_cleanup
                0x0800b9b4       0x18 ./Src/reconocedor.o
                0x0800b9b4                reconocedor_cleanup
 .text.get_task_quantum
                0x0800b9cc       0x50 ./Src/sched.o
 .text.has_higher_priority_ready
                0x0800ba1c       0x84 ./Src/sched.o
 .text.find_highest_priority_ready
                0x0800baa0      0x1c8 ./Src/sched.o
 .text.apply_aging
                0x0800bc68       0xd4 ./Src/sched.o
 .text.SysTick_Handler
                0x0800bd3c      0x1b0 ./Src/sched.o
                0x0800bd3c                SysTick_Handler
 .text.task_create
                0x0800beec      0x158 ./Src/sched.o
                0x0800beec                task_create
 .text.task_delay
                0x0800c044       0xe4 ./Src/sched.o
                0x0800c044                task_delay
 .text.task_yield
                0x0800c128       0x98 ./Src/sched.o
                0x0800c128                task_yield
 .text.task_set_priority
                0x0800c1c0       0x64 ./Src/sched.o
                0x0800c1c0                task_set_priority
 .text.get_current_task_id
                0x0800c224       0x18 ./Src/sched.o
                0x0800c224                get_current_task_id
 .text.get_task_priority
                0x0800c23c       0x40 ./Src/sched.o
                0x0800c23c                get_task_priority
 .text.millis   0x0800c27c       0x18 ./Src/sched.o
                0x0800c27c                millis
 .text.get_task_list
                0x0800c294       0xa8 ./Src/sched.o
                0x0800c294                get_task_list
 .text.sched_kill_all_tasks
                0x0800c33c       0x58 ./Src/sched.o
                0x0800c33c                sched_kill_all_tasks
 .text.sched_start
                0x0800c394      0x20c ./Src/sched.o
                0x0800c394                sched_start
 .text.uart_getc_nonblocking
                0x0800c5a0       0x38 ./Src/shell.o
 .text.cmd_help
                0x0800c5d8       0xf4 ./Src/shell.o
 .text.cmd_chlorine
                0x0800c6cc       0x38 ./Src/shell.o
 .text.cmd_bewitched
                0x0800c704      0x118 ./Src/shell.o
 .text.cmd_library
                0x0800c81c      0x11c ./Src/shell.o
 .text.cmd_invoke
                0x0800c938      0x134 ./Src/shell.o
 .text.cmd_touch
                0x0800ca6c      0x134 ./Src/shell.o
 .text.cmd_edit
                0x0800cba0      0x144 ./Src/shell.o
 .text.cmd_append
                0x0800cce4      0x124 ./Src/shell.o
 .text.cmd_remove
                0x0800ce08       0x84 ./Src/shell.o
 .text.cmd_rename
                0x0800ce8c      0x2d8 ./Src/shell.o
 .text.cmd_hexdump
                0x0800d164      0x188 ./Src/shell.o
 .text.cmd_mingle
                0x0800d2ec       0x74 ./Src/shell.o
 .text.cmd_fly  0x0800d360       0xbc ./Src/shell.o
 .text.cmd_hourglass
                0x0800d41c       0xa4 ./Src/shell.o
 .text.cmd_cauldronVer
                0x0800d4c0       0xcc ./Src/shell.o
 .text.cmd_revive
                0x0800d58c       0x30 ./Src/shell.o
 .text.cmd_exit
                0x0800d5bc       0xb4 ./Src/shell.o
 .text.parse_and_execute
                0x0800d670      0x264 ./Src/shell.o
 .text.shell_task
                0x0800d8d4      0x164 ./Src/shell.o
                0x0800d8d4                shell_task
 .text.shell_init
                0x0800da38       0x38 ./Src/shell.o
                0x0800da38                shell_init
 .text.random_range
                0x0800da70       0x28 ./Src/snake.o
 .text.is_position_occupied
                0x0800da98       0x70 ./Src/snake.o
 .text.place_food
                0x0800db08       0x84 ./Src/snake.o
 .text.draw_game_pixel
                0x0800db8c       0x46 ./Src/snake.o
 *fill*         0x0800dbd2        0x2 
 .text.snake_input_task
                0x0800dbd4      0x200 ./Src/snake.o
                0x0800dbd4                snake_input_task
 .text.snake_logic_task
                0x0800ddd4      0x2d8 ./Src/snake.o
                0x0800ddd4                snake_logic_task
 .text.snake_render_task
                0x0800e0ac      0x4cc ./Src/snake.o
                0x0800e0ac                snake_render_task
 .text.snake_reset
                0x0800e578      0x11c ./Src/snake.o
                0x0800e578                snake_reset
 .text.snake_init
                0x0800e694       0x58 ./Src/snake.o
                0x0800e694                snake_init
 .text.snake_cleanup
                0x0800e6ec       0x28 ./Src/snake.o
                0x0800e6ec                snake_cleanup
 .text.snake_get_state
                0x0800e714       0x2c ./Src/snake.o
                0x0800e714                snake_get_state
 .text.snake_get_binario
                0x0800e740       0x50 ./Src/snake.o
                0x0800e740                snake_get_binario
 .text.enter_critical
                0x0800e790       0x10 ./Src/sync.o
 .text.exit_critical
                0x0800e7a0       0x10 ./Src/sync.o
 .text.mutex_init
                0x0800e7b0       0x36 ./Src/sync.o
                0x0800e7b0                mutex_init
 .text.mutex_lock
                0x0800e7e6       0xa0 ./Src/sync.o
                0x0800e7e6                mutex_lock
 .text.mutex_unlock
                0x0800e886       0x70 ./Src/sync.o
                0x0800e886                mutex_unlock
 .text.mutex_trylock
                0x0800e8f6       0x56 ./Src/sync.o
                0x0800e8f6                mutex_trylock
 .text.mutex_get_inheritance_count
                0x0800e94c       0x18 ./Src/sync.o
                0x0800e94c                mutex_get_inheritance_count
 .text.mutex_reset_inheritance_count
                0x0800e964       0x1a ./Src/sync.o
                0x0800e964                mutex_reset_inheritance_count
 .text.sem_init
                0x0800e97e       0x40 ./Src/sync.o
                0x0800e97e                sem_init
 .text.random_range
                0x0800e9be       0x28 ./Src/tanque.o
 .text.draw_horizontal_line
                0x0800e9e6       0x98 ./Src/tanque.o
 .text.draw_vertical_line
                0x0800ea7e       0x96 ./Src/tanque.o
 .text.draw_tile_rotated
                0x0800eb14      0x1e4 ./Src/tanque.o
 .text.draw_tile
                0x0800ecf8       0x24 ./Src/tanque.o
 .text.draw_projectile
                0x0800ed1c       0xb4 ./Src/tanque.o
 .text.redraw_tile_content
                0x0800edd0      0x150 ./Src/tanque.o
 .text.clear_tank_position
                0x0800ef20       0x24 ./Src/tanque.o
 .text.can_move_to
                0x0800ef44       0x68 ./Src/tanque.o
 .text.try_move_tank
                0x0800efac      0x174 ./Src/tanque.o
 .text.check_game_over
                0x0800f120       0xec ./Src/tanque.o
 .text.shoot_projectile
                0x0800f20c      0x200 ./Src/tanque.o
 .text.update_projectile_movement
                0x0800f40c      0x20c ./Src/tanque.o
 .text.generar_mapa_con_config
                0x0800f618      0x768 ./Src/tanque.o
 .text.tanque_input_task
                0x0800fd80      0x694 ./Src/tanque.o
                0x0800fd80                tanque_input_task
 .text.tanque_logic_task
                0x08010414       0xf8 ./Src/tanque.o
                0x08010414                tanque_logic_task
 .text.tanque_render_task
                0x0801050c      0x450 ./Src/tanque.o
                0x0801050c                tanque_render_task
 .text.tanque_init
                0x0801095c      0x14c ./Src/tanque.o
                0x0801095c                tanque_init
 .text.tanque_cleanup
                0x08010aa8       0x28 ./Src/tanque.o
                0x08010aa8                tanque_cleanup
 .text.is_trail_at
                0x08010ad0      0x148 ./Src/tron.o
 .text.add_to_trail_p1
                0x08010c18       0x64 ./Src/tron.o
 .text.add_to_trail_p2
                0x08010c7c       0x64 ./Src/tron.o
 .text.add_to_trail_p3
                0x08010ce0       0x64 ./Src/tron.o
 .text.add_to_trail_p4
                0x08010d44       0x64 ./Src/tron.o
 .text.draw_game_pixel
                0x08010da8       0x42 ./Src/tron.o
 *fill*         0x08010dea        0x2 
 .text.tron_input_task
                0x08010dec      0x378 ./Src/tron.o
                0x08010dec                tron_input_task
 .text.tron_logic_task
                0x08011164      0x4c8 ./Src/tron.o
                0x08011164                tron_logic_task
 .text.tron_render_task
                0x0801162c      0x61c ./Src/tron.o
                0x0801162c                tron_render_task
 .text.tron_reset
                0x08011c48      0x140 ./Src/tron.o
                0x08011c48                tron_reset
 .text.tron_init
                0x08011d88       0x54 ./Src/tron.o
                0x08011d88                tron_init
 .text.tron_cleanup
                0x08011ddc       0x28 ./Src/tron.o
                0x08011ddc                tron_cleanup
 .text.is_opposite_direction
                0x08011e04       0x5e ./Src/tron2.o
 *fill*         0x08011e62        0x2 
 .text.is_trail_at
                0x08011e64       0xb8 ./Src/tron2.o
 .text.add_to_trail_p1
                0x08011f1c       0x64 ./Src/tron2.o
 .text.add_to_trail_p2
                0x08011f80       0x64 ./Src/tron2.o
 .text.tron2_input_task
                0x08011fe4      0x394 ./Src/tron2.o
                0x08011fe4                tron2_input_task
 .text.tron2_logic_task
                0x08012378      0x29c ./Src/tron2.o
                0x08012378                tron2_logic_task
 .text.tron2_render_task
                0x08012614      0x8c4 ./Src/tron2.o
                0x08012614                tron2_render_task
 .text.tron2_reset
                0x08012ed8       0xec ./Src/tron2.o
                0x08012ed8                tron2_reset
 .text.tron2_init
                0x08012fc4       0x54 ./Src/tron2.o
                0x08012fc4                tron2_init
 .text.tron2_cleanup
                0x08013018       0x28 ./Src/tron2.o
                0x08013018                tron2_cleanup
 .text.uart_init
                0x08013040       0x7c ./Src/uart.o
                0x08013040                uart_init
 .text.uart_putc
                0x080130bc       0x34 ./Src/uart.o
                0x080130bc                uart_putc
 .text.uart_puts
                0x080130f0       0x2a ./Src/uart.o
                0x080130f0                uart_puts
 *fill*         0x0801311a        0x2 
 .text.uart_putint
                0x0801311c       0x7c ./Src/uart.o
                0x0801311c                uart_putint
 .text.user_app_hello
                0x08013198       0x50 ./Src/user_apps.o
                0x08013198                user_app_hello
 .text.user_app_counter
                0x080131e8       0xc0 ./Src/user_apps.o
                0x080131e8                user_app_counter
 .text.user_app_blink
                0x080132a8       0x74 ./Src/user_apps.o
                0x080132a8                user_app_blink
 .text.Reset_Handler
                0x0801331c       0x50 ./Startup/startup_stm32f446retx.o
                0x0801331c                Reset_Handler
 .text.Default_Handler
                0x0801336c        0x2 ./Startup/startup_stm32f446retx.o
                0x0801336c                RTC_Alarm_IRQHandler
                0x0801336c                EXTI2_IRQHandler
                0x0801336c                TIM8_CC_IRQHandler
                0x0801336c                SPDIF_Rx_IRQHandler
                0x0801336c                DebugMon_Handler
                0x0801336c                SPI4_IRQHandler
                0x0801336c                TIM1_CC_IRQHandler
                0x0801336c                QuadSPI_IRQHandler
                0x0801336c                DMA2_Stream5_IRQHandler
                0x0801336c                HardFault_Handler
                0x0801336c                DMA1_Stream5_IRQHandler
                0x0801336c                PVD_IRQHandler
                0x0801336c                SDIO_IRQHandler
                0x0801336c                TAMP_STAMP_IRQHandler
                0x0801336c                PendSV_Handler
                0x0801336c                NMI_Handler
                0x0801336c                CAN2_RX1_IRQHandler
                0x0801336c                EXTI3_IRQHandler
                0x0801336c                TIM8_TRG_COM_TIM14_IRQHandler
                0x0801336c                TIM1_UP_TIM10_IRQHandler
                0x0801336c                FMPI2C1_error_IRQHandler
                0x0801336c                TIM8_UP_TIM13_IRQHandler
                0x0801336c                I2C3_ER_IRQHandler
                0x0801336c                EXTI0_IRQHandler
                0x0801336c                I2C2_EV_IRQHandler
                0x0801336c                DMA1_Stream2_IRQHandler
                0x0801336c                CAN1_RX0_IRQHandler
                0x0801336c                OTG_HS_WKUP_IRQHandler
                0x0801336c                UsageFault_Handler
                0x0801336c                CAN2_SCE_IRQHandler
                0x0801336c                DMA2_Stream2_IRQHandler
                0x0801336c                SPI1_IRQHandler
                0x0801336c                TIM6_DAC_IRQHandler
                0x0801336c                TIM1_BRK_TIM9_IRQHandler
                0x0801336c                DCMI_IRQHandler
                0x0801336c                CAN2_RX0_IRQHandler
                0x0801336c                DMA2_Stream3_IRQHandler
                0x0801336c                FMPI2C1_IRQHandler
                0x0801336c                SAI2_IRQHandler
                0x0801336c                USART6_IRQHandler
                0x0801336c                USART3_IRQHandler
                0x0801336c                CAN1_RX1_IRQHandler
                0x0801336c                UART5_IRQHandler
                0x0801336c                DMA2_Stream0_IRQHandler
                0x0801336c                TIM4_IRQHandler
                0x0801336c                I2C1_EV_IRQHandler
                0x0801336c                HDMI_CEC_IRQHandler
                0x0801336c                DMA1_Stream6_IRQHandler
                0x0801336c                DMA1_Stream1_IRQHandler
                0x0801336c                UART4_IRQHandler
                0x0801336c                TIM3_IRQHandler
                0x0801336c                RCC_IRQHandler
                0x0801336c                TIM8_BRK_TIM12_IRQHandler
                0x0801336c                Default_Handler
                0x0801336c                EXTI15_10_IRQHandler
                0x0801336c                ADC_IRQHandler
                0x0801336c                DMA1_Stream7_IRQHandler
                0x0801336c                TIM7_IRQHandler
                0x0801336c                CAN2_TX_IRQHandler
                0x0801336c                TIM5_IRQHandler
                0x0801336c                DMA2_Stream7_IRQHandler
                0x0801336c                I2C3_EV_IRQHandler
                0x0801336c                EXTI9_5_IRQHandler
                0x0801336c                RTC_WKUP_IRQHandler
                0x0801336c                SPI2_IRQHandler
                0x0801336c                OTG_HS_EP1_IN_IRQHandler
                0x0801336c                MemManage_Handler
                0x0801336c                DMA1_Stream0_IRQHandler
                0x0801336c                CAN1_TX_IRQHandler
                0x0801336c                SVC_Handler
                0x0801336c                EXTI4_IRQHandler
                0x0801336c                OTG_HS_EP1_OUT_IRQHandler
                0x0801336c                WWDG_IRQHandler
                0x0801336c                TIM2_IRQHandler
                0x0801336c                OTG_FS_WKUP_IRQHandler
                0x0801336c                TIM1_TRG_COM_TIM11_IRQHandler
                0x0801336c                OTG_HS_IRQHandler
                0x0801336c                EXTI1_IRQHandler
                0x0801336c                USART2_IRQHandler
                0x0801336c                I2C2_ER_IRQHandler
                0x0801336c                DMA2_Stream1_IRQHandler
                0x0801336c                CAN1_SCE_IRQHandler
                0x0801336c                FLASH_IRQHandler
                0x0801336c                DMA2_Stream4_IRQHandler
                0x0801336c                BusFault_Handler
                0x0801336c                USART1_IRQHandler
                0x0801336c                OTG_FS_IRQHandler
                0x0801336c                SPI3_IRQHandler
                0x0801336c                DMA1_Stream4_IRQHandler
                0x0801336c                I2C1_ER_IRQHandler
                0x0801336c                FMC_IRQHandler
                0x0801336c                DMA2_Stream6_IRQHandler
                0x0801336c                SAI1_IRQHandler
                0x0801336c                DMA1_Stream3_IRQHandler
 .text.memset   0x0801336e       0x10 C:/ST/STM32CubeIDE_1.19.0/STM32CubeIDE/plugins/com.st.stm32cube.ide.mcu.externaltools.gnu-tools-for-stm32.13.3.rel1.win32_1.0.0.202411081344/tools/bin/../lib/gcc/arm-none-eabi/13.3.1/../../../../arm-none-eabi/lib/thumb/v7e-m+fp/hard\libc_nano.a(libc_a-memset.o)
                0x0801336e                memset
 .text.strchr   0x0801337e       0x1a C:/ST/STM32CubeIDE_1.19.0/STM32CubeIDE/plugins/com.st.stm32cube.ide.mcu.externaltools.gnu-tools-for-stm32.13.3.rel1.win32_1.0.0.202411081344/tools/bin/../lib/gcc/arm-none-eabi/13.3.1/../../../../arm-none-eabi/lib/thumb/v7e-m+fp/hard\libc_nano.a(libc_a-strchr.o)
                0x0801337e                strchr
 .text.__libc_init_array
                0x08013398       0x48 C:/ST/STM32CubeIDE_1.19.0/STM32CubeIDE/plugins/com.st.stm32cube.ide.mcu.externaltools.gnu-tools-for-stm32.13.3.rel1.win32_1.0.0.202411081344/tools/bin/../lib/gcc/arm-none-eabi/13.3.1/../../../../arm-none-eabi/lib/thumb/v7e-m+fp/hard\libc_nano.a(libc_a-init.o)
                0x08013398                __libc_init_array
 .text.strcpy   0x080133e0       0x10 C:/ST/STM32CubeIDE_1.19.0/STM32CubeIDE/plugins/com.st.stm32cube.ide.mcu.externaltools.gnu-tools-for-stm32.13.3.rel1.win32_1.0.0.202411081344/tools/bin/../lib/gcc/arm-none-eabi/13.3.1/../../../../arm-none-eabi/lib/thumb/v7e-m+fp/hard\libc_nano.a(libc_a-strcpy.o)
                0x080133e0                strcpy
 .text.memcpy   0x080133f0       0x1c C:/ST/STM32CubeIDE_1.19.0/STM32CubeIDE/plugins/com.st.stm32cube.ide.mcu.externaltools.gnu-tools-for-stm32.13.3.rel1.win32_1.0.0.202411081344/tools/bin/../lib/gcc/arm-none-eabi/13.3.1/../../../../arm-none-eabi/lib/thumb/v7e-m+fp/hard\libc_nano.a(libc_a-memcpy-stub.o)
                0x080133f0                memcpy
 *(.glue_7)
 .glue_7        0x0801340c        0x0 linker stubs
 *(.glue_7t)
 .glue_7t       0x0801340c        0x0 linker stubs
 *(.eh_frame)
 .eh_frame      0x0801340c        0x0 C:/ST/STM32CubeIDE_1.19.0/STM32CubeIDE/plugins/com.st.stm32cube.ide.mcu.externaltools.gnu-tools-for-stm32.13.3.rel1.win32_1.0.0.202411081344/tools/bin/../lib/gcc/arm-none-eabi/13.3.1/thumb/v7e-m+fp/hard/crtbegin.o
 *(.init)
 .init          0x0801340c        0x4 C:/ST/STM32CubeIDE_1.19.0/STM32CubeIDE/plugins/com.st.stm32cube.ide.mcu.externaltools.gnu-tools-for-stm32.13.3.rel1.win32_1.0.0.202411081344/tools/bin/../lib/gcc/arm-none-eabi/13.3.1/thumb/v7e-m+fp/hard/crti.o
                0x0801340c                _init
 .init          0x08013410        0x8 C:/ST/STM32CubeIDE_1.19.0/STM32CubeIDE/plugins/com.st.stm32cube.ide.mcu.externaltools.gnu-tools-for-stm32.13.3.rel1.win32_1.0.0.202411081344/tools/bin/../lib/gcc/arm-none-eabi/13.3.1/thumb/v7e-m+fp/hard/crtn.o
 *(.fini)
 .fini          0x08013418        0x4 C:/ST/STM32CubeIDE_1.19.0/STM32CubeIDE/plugins/com.st.stm32cube.ide.mcu.externaltools.gnu-tools-for-stm32.13.3.rel1.win32_1.0.0.202411081344/tools/bin/../lib/gcc/arm-none-eabi/13.3.1/thumb/v7e-m+fp/hard/crti.o
                0x08013418                _fini
 .fini          0x0801341c        0x8 C:/ST/STM32CubeIDE_1.19.0/STM32CubeIDE/plugins/com.st.stm32cube.ide.mcu.externaltools.gnu-tools-for-stm32.13.3.rel1.win32_1.0.0.202411081344/tools/bin/../lib/gcc/arm-none-eabi/13.3.1/thumb/v7e-m+fp/hard/crtn.o
                0x08013424                        . = ALIGN (0x4)
                0x08013424                        _etext = .

.vfp11_veneer   0x08013424        0x0
 .vfp11_veneer  0x08013424        0x0 linker stubs

.v4_bx          0x08013424        0x0
 .v4_bx         0x08013424        0x0 linker stubs

.iplt           0x08013424        0x0
 .iplt          0x08013424        0x0 C:/ST/STM32CubeIDE_1.19.0/STM32CubeIDE/plugins/com.st.stm32cube.ide.mcu.externaltools.gnu-tools-for-stm32.13.3.rel1.win32_1.0.0.202411081344/tools/bin/../lib/gcc/arm-none-eabi/13.3.1/thumb/v7e-m+fp/hard/crtbegin.o

.rodata         0x08013424     0x99b8
                0x08013424                        . = ALIGN (0x4)
 *(.rodata)
 .rodata        0x08013424      0x26d ./Src/api.o
 *fill*         0x08013691        0x3 
 .rodata        0x08013694       0xc9 ./Src/button.o
 *fill*         0x0801375d        0x3 
 .rodata        0x08013760      0x8b4 ./Src/demo_prem.o
 .rodata        0x08014014      0x4ec ./Src/demo_scheduler_rr.o
 .rodata        0x08014500       0x5d ./Src/disco.o
 *fill*         0x0801455d        0x3 
 .rodata        0x08014560      0x640 ./Src/herenciaprioridad.o
 .rodata        0x08014ba0      0x10c ./Src/loader.o
 .rodata        0x08014cac      0xd3c ./Src/main.o
 .rodata        0x080159e8      0x318 ./Src/reconocedor.o
 .rodata        0x08015d00       0x62 ./Src/sched.o
 *fill*         0x08015d62        0x2 
 .rodata        0x08015d64     0x12b0 ./Src/shell.o
 .rodata        0x08017014       0x1a ./Src/snake.o
 *fill*         0x0801702e        0x2 
 .rodata        0x08017030       0x5c ./Src/tanque.o
 .rodata        0x0801708c       0x31 ./Src/tron.o
 *fill*         0x080170bd        0x3 
 .rodata        0x080170c0       0x21 ./Src/tron2.o
 *fill*         0x080170e1        0x3 
 .rodata        0x080170e4       0xbb ./Src/user_apps.o
 *(.rodata*)
 *fill*         0x0801719f        0x1 
 .rodata.sprite_p1_idle2
                0x080171a0      0x190 ./Src/disco.o
 .rodata.sprite_p1_idle1
                0x08017330      0x190 ./Src/disco.o
 .rodata.sprite_p2_idle2
                0x080174c0      0x190 ./Src/disco.o
 .rodata.sprite_p2_idle1
                0x08017650      0x190 ./Src/disco.o
 .rodata.sprite_p1_shoot
                0x080177e0      0x190 ./Src/disco.o
 .rodata.sprite_p2_shoot
                0x08017970      0x190 ./Src/disco.o
 .rodata.banner_tron4p_data
                0x08017b00      0xa00 ./Src/main.o
 .rodata.banner_tanque_data
                0x08018500      0xa00 ./Src/main.o
 .rodata.banner_tron2p_data
                0x08018f00      0xa00 ./Src/main.o
 .rodata.banner_reconocedor_data
                0x08019900      0xa00 ./Src/main.o
 .rodata.banner_snake_data
                0x0801a300      0xa00 ./Src/main.o
 .rodata.banner_disco_data
                0x0801ad00      0xa00 ./Src/main.o
 .rodata.font5x8
                0x0801b700       0xbe ./Src/pantalla.o
 *fill*         0x0801b7be        0x2 
 .rodata.sprite_pared_azul
                0x0801b7c0      0x190 ./Src/reconocedor.o
 .rodata.sprite_pared_verde
                0x0801b950      0x190 ./Src/reconocedor.o
 .rodata.sprite_pared_amarilla
                0x0801bae0      0x190 ./Src/reconocedor.o
 .rodata.sprite_caja
                0x0801bc70      0x190 ./Src/reconocedor.o
 .rodata.sprite_jugador
                0x0801be00      0x190 ./Src/reconocedor.o
 .rodata.sprite_maniqui_1
                0x0801bf90      0x190 ./Src/reconocedor.o
 .rodata.sprite_maniqui_2
                0x0801c120      0x190 ./Src/reconocedor.o
 .rodata.textura_caja_3d
                0x0801c2b0       0xc8 ./Src/reconocedor.o
 .rodata.dir_x_3d
                0x0801c378        0x4 ./Src/reconocedor.o
 .rodata.dir_y_3d
                0x0801c37c        0x4 ./Src/reconocedor.o
 .rodata.sprite_bloque_destructible
                0x0801c380      0x190 ./Src/tanque.o
 .rodata.sprite_bloque_acero
                0x0801c510      0x190 ./Src/tanque.o
 .rodata.sprite_planta
                0x0801c6a0      0x190 ./Src/tanque.o
 .rodata.sprite_tanque_azul
                0x0801c830      0x190 ./Src/tanque.o
 .rodata.sprite_tanque_rojo
                0x0801c9c0      0x190 ./Src/tanque.o
 .rodata.sprite_p1_data
                0x0801cb50       0xc4 ./Src/tron2.o
 .rodata.sprite_p2_data
                0x0801cc14       0xc4 ./Src/tron2.o
 .rodata._ctype_
                0x0801ccd8      0x101 C:/ST/STM32CubeIDE_1.19.0/STM32CubeIDE/plugins/com.st.stm32cube.ide.mcu.externaltools.gnu-tools-for-stm32.13.3.rel1.win32_1.0.0.202411081344/tools/bin/../lib/gcc/arm-none-eabi/13.3.1/../../../../arm-none-eabi/lib/thumb/v7e-m+fp/hard\libc_nano.a(libc_a-ctype_.o)
                0x0801ccd8                _ctype_
                0x0801cddc                        . = ALIGN (0x4)
 *fill*         0x0801cdd9        0x3 

.ARM.extab      0x0801cddc        0x0
                0x0801cddc                        . = ALIGN (0x4)
 *(.ARM.extab* .gnu.linkonce.armextab.*)
                0x0801cddc                        . = ALIGN (0x4)

.ARM            0x0801cddc        0x8
                0x0801cddc                        . = ALIGN (0x4)
                0x0801cddc                        __exidx_start = .
 *(.ARM.exidx*)
 .ARM.exidx     0x0801cddc        0x8 C:/ST/STM32CubeIDE_1.19.0/STM32CubeIDE/plugins/com.st.stm32cube.ide.mcu.externaltools.gnu-tools-for-stm32.13.3.rel1.win32_1.0.0.202411081344/tools/bin/../lib/gcc/arm-none-eabi/13.3.1/../../../../arm-none-eabi/lib/thumb/v7e-m+fp/hard\libc_nano.a(libc_a-strcmp.o)
 .ARM.exidx     0x0801cde4        0x0 C:/ST/STM32CubeIDE_1.19.0/STM32CubeIDE/plugins/com.st.stm32cube.ide.mcu.externaltools.gnu-tools-for-stm32.13.3.rel1.win32_1.0.0.202411081344/tools/bin/../lib/gcc/arm-none-eabi/13.3.1/../../../../arm-none-eabi/lib/thumb/v7e-m+fp/hard\libc_nano.a(libc_a-strlen.o)
                                  0x8 (size before relaxing)
                0x0801cde4                        __exidx_end = .
                0x0801cde4                        . = ALIGN (0x4)

.preinit_array  0x0801cde4        0x0
                0x0801cde4                        . = ALIGN (0x4)
                0x0801cde4                        PROVIDE (__preinit_array_start = .)
 *(.preinit_array*)
                0x0801cde4                        PROVIDE (__preinit_array_end = .)
                0x0801cde4                        . = ALIGN (0x4)

.init_array     0x0801cde4        0x4
                0x0801cde4                        . = ALIGN (0x4)
                0x0801cde4                        PROVIDE (__init_array_start = .)
 *(SORT_BY_NAME(.init_array.*))
 *(.init_array*)
 .init_array    0x0801cde4        0x4 C:/ST/STM32CubeIDE_1.19.0/STM32CubeIDE/plugins/com.st.stm32cube.ide.mcu.externaltools.gnu-tools-for-stm32.13.3.rel1.win32_1.0.0.202411081344/tools/bin/../lib/gcc/arm-none-eabi/13.3.1/thumb/v7e-m+fp/hard/crtbegin.o
                0x0801cde8                        PROVIDE (__init_array_end = .)
                0x0801cde8                        . = ALIGN (0x4)

.fini_array     0x0801cde8        0x4
                0x0801cde8                        . = ALIGN (0x4)
                [!provide]                        PROVIDE (__fini_array_start = .)
 *(SORT_BY_NAME(.fini_array.*))
 *(.fini_array*)
 .fini_array    0x0801cde8        0x4 C:/ST/STM32CubeIDE_1.19.0/STM32CubeIDE/plugins/com.st.stm32cube.ide.mcu.externaltools.gnu-tools-for-stm32.13.3.rel1.win32_1.0.0.202411081344/tools/bin/../lib/gcc/arm-none-eabi/13.3.1/thumb/v7e-m+fp/hard/crtbegin.o
                [!provide]                        PROVIDE (__fini_array_end = .)
                0x0801cdec                        . = ALIGN (0x4)
                0x0801cdec                        _sidata = LOADADDR (.data)

.rel.dyn        0x0801cdec        0x0
 .rel.iplt      0x0801cdec        0x0 C:/ST/STM32CubeIDE_1.19.0/STM32CubeIDE/plugins/com.st.stm32cube.ide.mcu.externaltools.gnu-tools-for-stm32.13.3.rel1.win32_1.0.0.202411081344/tools/bin/../lib/gcc/arm-none-eabi/13.3.1/thumb/v7e-m+fp/hard/crtbegin.o

.data           0x20000000      0x130 load address 0x0801cdec
                0x20000000                        . = ALIGN (0x4)
                0x20000000                        _sdata = .
 *(.data)
 *(.data*)
 .data.estado   0x20000000        0x4 ./Src/aleatorio.o
 .data.buttons  0x20000004       0xa0 ./Src/button.o
 .data.wait_cycles.2
                0x200000a4        0x1 ./Src/demo_prem.o
 .data.player1_lane
                0x200000a5        0x1 ./Src/disco.o
 .data.player2_lane
                0x200000a6        0x1 ./Src/disco.o
 .data.first_draw
                0x200000a7        0x1 ./Src/disco.o
 .data.last_p1_lane
                0x200000a8        0x1 ./Src/disco.o
 .data.last_p2_lane
                0x200000a9        0x1 ./Src/disco.o
 *fill*         0x200000aa        0x2 
 .data.last_layers
                0x200000ac        0x6 ./Src/disco.o
 *fill*         0x200000b2        0x2 
 .data.last_shot_x_p1
                0x200000b4        0x6 ./Src/disco.o
 *fill*         0x200000ba        0x2 
 .data.last_shot_y_p1
                0x200000bc        0x6 ./Src/disco.o
 *fill*         0x200000c2        0x2 
 .data.last_shot_x_p2
                0x200000c4        0x6 ./Src/disco.o
 *fill*         0x200000ca        0x2 
 .data.last_shot_y_p2
                0x200000cc        0x6 ./Src/disco.o
 .data.last_time_ball_state
                0x200000d2        0x1 ./Src/disco.o
 *fill*         0x200000d3        0x1 
 .data.app_table
                0x200000d4       0x24 ./Src/loader.o
 .data.cursor_visible.0
                0x200000f8        0x1 ./Src/main.o
 .data.first_draw
                0x200000f9        0x1 ./Src/reconocedor.o
 .data.escondedor_dir
                0x200000fa        0x1 ./Src/reconocedor.o
 *fill*         0x200000fb        0x1 
 .data.maniqui_1
                0x200000fc        0x4 ./Src/reconocedor.o
 .data.maniqui_2
                0x20000100        0x4 ./Src/reconocedor.o
 .data.last_rendered_x_3d
                0x20000104        0x4 ./Src/reconocedor.o
 .data.last_rendered_y_3d
                0x20000108        0x4 ./Src/reconocedor.o
 .data.last_rendered_angle_3d
                0x2000010c        0x4 ./Src/reconocedor.o
 .data.minimap_needs_redraw
                0x20000110        0x1 ./Src/reconocedor.o
 .data.last_player_x.7
                0x20000111        0x1 ./Src/reconocedor.o
 .data.last_player_y.6
                0x20000112        0x1 ./Src/reconocedor.o
 *fill*         0x20000113        0x1 
 .data.last_player_angle.5
                0x20000114        0x4 ./Src/reconocedor.o
 .data.snake_length
                0x20000118        0x1 ./Src/snake.o
 .data.current_direction
                0x20000119        0x1 ./Src/snake.o
 .data.first_render.1
                0x2000011a        0x1 ./Src/snake.o
 .data.first_draw
                0x2000011b        0x1 ./Src/tanque.o
 .data.dir_p1   0x2000011c        0x1 ./Src/tron.o
 .data.dir_p2   0x2000011d        0x1 ./Src/tron.o
 .data.dir_p3   0x2000011e        0x1 ./Src/tron.o
 .data.game_state
                0x2000011f        0x1 ./Src/tron.o
 .data.alive_p1
                0x20000120        0x1 ./Src/tron.o
 .data.alive_p2
                0x20000121        0x1 ./Src/tron.o
 .data.alive_p3
                0x20000122        0x1 ./Src/tron.o
 .data.alive_p4
                0x20000123        0x1 ./Src/tron.o
 .data.first_frame.0
                0x20000124        0x1 ./Src/tron.o
 .data.dir_p1   0x20000125        0x1 ./Src/tron2.o
 .data.dir_p2   0x20000126        0x1 ./Src/tron2.o
 .data.pending_dir_p1
                0x20000127        0x1 ./Src/tron2.o
 .data.pending_dir_p2
                0x20000128        0x1 ./Src/tron2.o
 .data.game_state
                0x20000129        0x1 ./Src/tron2.o
 .data.alive_p1
                0x2000012a        0x1 ./Src/tron2.o
 .data.alive_p2
                0x2000012b        0x1 ./Src/tron2.o
 .data.first_frame.2
                0x2000012c        0x1 ./Src/tron2.o
 .data.first_run.3
                0x2000012d        0x1 ./Src/user_apps.o
 *(.RamFunc)
 *(.RamFunc*)
                0x20000130                        . = ALIGN (0x4)
 *fill*         0x2000012e        0x2 
                0x20000130                        _edata = .

.igot.plt       0x20000130        0x0 load address 0x0801cf1c
 .igot.plt      0x20000130        0x0 C:/ST/STM32CubeIDE_1.19.0/STM32CubeIDE/plugins/com.st.stm32cube.ide.mcu.externaltools.gnu-tools-for-stm32.13.3.rel1.win32_1.0.0.202411081344/tools/bin/../lib/gcc/arm-none-eabi/13.3.1/thumb/v7e-m+fp/hard/crtbegin.o
                0x20000130                        . = ALIGN (0x4)

.bss            0x20000130     0xb864 load address 0x0801cf1c
                0x20000130                        _sbss = .
                0x20000130                        __bss_start__ = _sbss
 *(.bss)
 .bss           0x20000130       0x1c C:/ST/STM32CubeIDE_1.19.0/STM32CubeIDE/plugins/com.st.stm32cube.ide.mcu.externaltools.gnu-tools-for-stm32.13.3.rel1.win32_1.0.0.202411081344/tools/bin/../lib/gcc/arm-none-eabi/13.3.1/thumb/v7e-m+fp/hard/crtbegin.o
 *(.bss*)
 .bss.contador_mezclas
                0x2000014c        0x4 ./Src/aleatorio.o
 .bss.count.1   0x20000150        0x4 ./Src/api.o
 .bss.binario.0
                0x20000154       0x54 ./Src/api.o
 .bss.blue_last_state
                0x200001a8        0x4 ./Src/button.o
 .bss.blue_was_pressed_flag
                0x200001ac        0x4 ./Src/button.o
 .bss.press_count
                0x200001b0       0x28 ./Src/button.o
 .bss.last_state
                0x200001d8       0x28 ./Src/button.o
 .bss.was_pressed_flag
                0x20000200       0x28 ./Src/button.o
 .bss.ctx_tasks
                0x20000228       0x18 ./Src/context.o
                0x20000228                ctx_tasks
 .bss.ctx_current
                0x20000240        0x1 ./Src/context.o
                0x20000240                ctx_current
 *fill*         0x20000241        0x3 
 .bss.count_a   0x20000244        0x4 ./Src/demo_prem.o
 .bss.count_b   0x20000248        0x4 ./Src/demo_prem.o
 .bss.count_c   0x2000024c        0x4 ./Src/demo_prem.o
 .bss.context_switches
                0x20000250        0x4 ./Src/demo_prem.o
 .bss.task_a_cpu_time
                0x20000254        0x4 ./Src/demo_prem.o
 .bss.task_b_cpu_time
                0x20000258        0x4 ./Src/demo_prem.o
 .bss.task_c_cpu_time
                0x2000025c        0x4 ./Src/demo_prem.o
 .bss.last_task_id
                0x20000260        0x1 ./Src/demo_prem.o
 *fill*         0x20000261        0x3 
 .bss.task_a_blocked_count
                0x20000264        0x4 ./Src/demo_prem.o
 .bss.task_a_acquired_count
                0x20000268        0x4 ./Src/demo_prem.o
 .bss.task_b_boosted_times
                0x2000026c        0x4 ./Src/demo_prem.o
 .bss.task_b_mutex_hold_time
                0x20000270        0x4 ./Src/demo_prem.o
 .bss.mutex_storage
                0x20000274       0x20 ./Src/demo_prem.o
 .bss.test_mutex
                0x20000294        0x4 ./Src/demo_prem.o
 .bss.last_a.5  0x20000298        0x4 ./Src/demo_prem.o
 .bss.last_b.4  0x2000029c        0x4 ./Src/demo_prem.o
 .bss.last_c.3  0x200002a0        0x4 ./Src/demo_prem.o
 .bss.refresh_counter.1
                0x200002a4        0x1 ./Src/demo_prem.o
 .bss.stats_counter.0
                0x200002a5        0x1 ./Src/demo_prem.o
 *fill*         0x200002a6        0x2 
 .bss.count_a   0x200002a8        0x4 ./Src/demo_scheduler_rr.o
 .bss.count_b   0x200002ac        0x4 ./Src/demo_scheduler_rr.o
 .bss.count_c   0x200002b0        0x4 ./Src/demo_scheduler_rr.o
 .bss.count_d   0x200002b4        0x4 ./Src/demo_scheduler_rr.o
 .bss.context_switches
                0x200002b8        0x4 ./Src/demo_scheduler_rr.o
 .bss.task_a_cpu_time
                0x200002bc        0x4 ./Src/demo_scheduler_rr.o
 .bss.task_b_cpu_time
                0x200002c0        0x4 ./Src/demo_scheduler_rr.o
 .bss.task_c_cpu_time
                0x200002c4        0x4 ./Src/demo_scheduler_rr.o
 .bss.task_d_cpu_time
                0x200002c8        0x4 ./Src/demo_scheduler_rr.o
 .bss.last_task_id
                0x200002cc        0x1 ./Src/demo_scheduler_rr.o
 *fill*         0x200002cd        0x3 
 .bss.last_a.5  0x200002d0        0x4 ./Src/demo_scheduler_rr.o
 .bss.last_b.4  0x200002d4        0x4 ./Src/demo_scheduler_rr.o
 .bss.last_c.3  0x200002d8        0x4 ./Src/demo_scheduler_rr.o
 .bss.last_d.2  0x200002dc        0x4 ./Src/demo_scheduler_rr.o
 .bss.refresh_counter.1
                0x200002e0        0x1 ./Src/demo_scheduler_rr.o
 .bss.stats_counter.0
                0x200002e1        0x1 ./Src/demo_scheduler_rr.o
 .bss.game_running
                0x200002e2        0x1 ./Src/disco.o
 .bss.player1_offset_x
                0x200002e3        0x1 ./Src/disco.o
 .bss.player1_offset_y
                0x200002e4        0x1 ./Src/disco.o
 .bss.player2_offset_x
                0x200002e5        0x1 ./Src/disco.o
 .bss.player2_offset_y
                0x200002e6        0x1 ./Src/disco.o
 .bss.shield_p1
                0x200002e7        0x1 ./Src/disco.o
 .bss.shield_p2
                0x200002e8        0x1 ./Src/disco.o
 *fill*         0x200002e9        0x3 
 .bss.start_time_ms
                0x200002ec        0x4 ./Src/disco.o
 .bss.simulated_time_ms
                0x200002f0        0x4 ./Src/disco.o
 .bss.destruction_score_p1
                0x200002f4        0x2 ./Src/disco.o
 .bss.destruction_score_p2
                0x200002f6        0x2 ./Src/disco.o
 .bss.platforms
                0x200002f8       0x3c ./Src/disco.o
 .bss.shots_p1  0x20000334       0x18 ./Src/disco.o
 .bss.shots_p2  0x2000034c       0x18 ./Src/disco.o
 .bss.animation_frame_counter
                0x20000364        0x1 ./Src/disco.o
 .bss.p1_shooting_frame_timer
                0x20000365        0x1 ./Src/disco.o
 .bss.p2_shooting_frame_timer
                0x20000366        0x1 ./Src/disco.o
 .bss.initialized_input
                0x20000367        0x1 ./Src/disco.o
 .bss.last_p1_shield_count
                0x20000368        0x4 ./Src/disco.o
 .bss.last_p1_up_count
                0x2000036c        0x4 ./Src/disco.o
 .bss.last_p1_down_count
                0x20000370        0x4 ./Src/disco.o
 .bss.last_p1_shoot_count
                0x20000374        0x4 ./Src/disco.o
 .bss.last_p2_shoot_count
                0x20000378        0x4 ./Src/disco.o
 .bss.last_p2_up_count
                0x2000037c        0x4 ./Src/disco.o
 .bss.last_p2_down_count
                0x20000380        0x4 ./Src/disco.o
 .bss.last_p2_shield_count
                0x20000384        0x4 ./Src/disco.o
 .bss.last_d15_count
                0x20000388        0x4 ./Src/disco.o
 .bss.last_p1_x
                0x2000038c        0x2 ./Src/disco.o
 .bss.last_p1_y
                0x2000038e        0x2 ./Src/disco.o
 .bss.last_p2_x
                0x20000390        0x2 ./Src/disco.o
 .bss.last_p2_y
                0x20000392        0x2 ./Src/disco.o
 .bss.last_shield_p1
                0x20000394        0x1 ./Src/disco.o
 .bss.last_shield_p2
                0x20000395        0x1 ./Src/disco.o
 *fill*         0x20000396        0x2 
 .bss.disco_game_state_mutex
                0x20000398       0x14 ./Src/disco.o
                0x20000398                disco_game_state_mutex
 .bss.disco_platform_mutex
                0x200003ac       0x14 ./Src/disco.o
                0x200003ac                disco_platform_mutex
 .bss.disco_player_mutex
                0x200003c0       0x14 ./Src/disco.o
                0x200003c0                disco_player_mutex
 .bss.disco_shot_mutex
                0x200003d4       0x14 ./Src/disco.o
                0x200003d4                disco_shot_mutex
 .bss.disco_input_ready_sem
                0x200003e8       0x18 ./Src/disco.o
                0x200003e8                disco_input_ready_sem
 .bss.disco_logic_ready_sem
                0x20000400       0x18 ./Src/disco.o
                0x20000400                disco_logic_ready_sem
 .bss.disco_render_ready_sem
                0x20000418       0x18 ./Src/disco.o
                0x20000418                disco_render_ready_sem
 .bss.mutexes_initialized.0
                0x20000430        0x1 ./Src/disco.o
 *fill*         0x20000431        0x3 
 .bss.inodes    0x20000434       0xe0 ./Src/fs.o
 .bss.block_used
                0x20000514       0x20 ./Src/fs.o
 .bss.open_files
                0x20000534       0x60 ./Src/fs.o
 .bss.count_a   0x20000594        0x4 ./Src/herenciaprioridad.o
 .bss.count_b   0x20000598        0x4 ./Src/herenciaprioridad.o
 .bss.b_execution_count
                0x2000059c        0x4 ./Src/herenciaprioridad.o
 .bss.a_blocked_count
                0x200005a0        0x4 ./Src/herenciaprioridad.o
 .bss.a_acquired_count
                0x200005a4        0x4 ./Src/herenciaprioridad.o
 .bss.context_switches
                0x200005a8        0x4 ./Src/herenciaprioridad.o
 .bss.last_task_id
                0x200005ac        0x1 ./Src/herenciaprioridad.o
 .bss.b_has_mutex
                0x200005ad        0x1 ./Src/herenciaprioridad.o
 *fill*         0x200005ae        0x2 
 .bss.mutex_storage
                0x200005b0       0x20 ./Src/herenciaprioridad.o
 .bss.shared_mutex
                0x200005d0        0x4 ./Src/herenciaprioridad.o
 .bss.refresh_counter.0
                0x200005d4        0x1 ./Src/herenciaprioridad.o
 *fill*         0x200005d5        0x3 
 .bss.mutex_storage
                0x200005d8       0x20 ./Src/main.o
                0x200005d8                mutex_storage
 .bss.counter_mutex
                0x200005f8        0x4 ./Src/main.o
 .bss.shared_counter
                0x200005fc        0x4 ./Src/main.o
                0x200005fc                shared_counter
 .bss.binario_actual
                0x20000600        0x4 ./Src/main.o
 .bss.shell_mode_active
                0x20000604        0x1 ./Src/main.o
                0x20000604                shell_mode_active
 *fill*         0x20000605        0x3 
 .bss.tick.5    0x20000608        0x4 ./Src/main.o
 .bss.d14_initialized.4
                0x2000060c        0x1 ./Src/main.o
 *fill*         0x2000060d        0x3 
 .bss.last_d14.3
                0x20000610        0x4 ./Src/main.o
 .bss.last_d15.2
                0x20000614        0x4 ./Src/main.o
 .bss.blink_counter.1
                0x20000618        0x4 ./Src/main.o
 .bss.inodes    0x2000061c      0x300 ./Src/ramfs.o
 .bss.data_blocks
                0x2000091c     0x4000 ./Src/ramfs.o
 .bss.block_bitmap
                0x2000491c       0x40 ./Src/ramfs.o
 .bss.fd_table  0x2000495c       0x60 ./Src/ramfs.o
 .bss.reconocedor_game_state_mutex
                0x200049bc       0x14 ./Src/reconocedor.o
                0x200049bc                reconocedor_game_state_mutex
 .bss.reconocedor_map_mutex
                0x200049d0       0x14 ./Src/reconocedor.o
                0x200049d0                reconocedor_map_mutex
 .bss.reconocedor_player_mutex
                0x200049e4       0x14 ./Src/reconocedor.o
                0x200049e4                reconocedor_player_mutex
 .bss.reconocedor_maniqui_mutex
                0x200049f8       0x14 ./Src/reconocedor.o
                0x200049f8                reconocedor_maniqui_mutex
 .bss.reconocedor_input_ready_sem
                0x20004a0c       0x18 ./Src/reconocedor.o
                0x20004a0c                reconocedor_input_ready_sem
 .bss.reconocedor_logic_ready_sem
                0x20004a24       0x18 ./Src/reconocedor.o
                0x20004a24                reconocedor_logic_ready_sem
 .bss.reconocedor_render_ready_sem
                0x20004a3c       0x18 ./Src/reconocedor.o
                0x20004a3c                reconocedor_render_ready_sem
 .bss.game_running
                0x20004a54        0x1 ./Src/reconocedor.o
 *fill*         0x20004a55        0x3 
 .bss.mapa      0x20004a58      0x10a ./Src/reconocedor.o
 *fill*         0x20004b62        0x2 
 .bss.visitado  0x20004b64      0x10a ./Src/reconocedor.o
 .bss.fase_actual
                0x20004c6e        0x1 ./Src/reconocedor.o
 .bss.escondedor_x
                0x20004c6f        0x1 ./Src/reconocedor.o
 .bss.escondedor_y
                0x20004c70        0x1 ./Src/reconocedor.o
 .bss.escondedor_oculto
                0x20004c71        0x1 ./Src/reconocedor.o
 .bss.buscador_x
                0x20004c72        0x1 ./Src/reconocedor.o
 .bss.buscador_y
                0x20004c73        0x1 ./Src/reconocedor.o
 .bss.buscador_angle
                0x20004c74        0x4 ./Src/reconocedor.o
 .bss.ray_table
                0x20004c78      0x3c0 ./Src/reconocedor.o
 .bss.move_count_3d
                0x20005038        0x4 ./Src/reconocedor.o
 .bss.turn_count_3d
                0x2000503c        0x4 ./Src/reconocedor.o
 .bss.hud_initialized
                0x20005040        0x1 ./Src/reconocedor.o
 *fill*         0x20005041        0x3 
 .bss.debug_update_counter
                0x20005044        0x4 ./Src/reconocedor.o
 .bss.cajas_abiertas
                0x20005048      0x10a ./Src/reconocedor.o
 .bss.total_cajas_en_mapa
                0x20005152        0x1 ./Src/reconocedor.o
 .bss.max_cajas_abrir
                0x20005153        0x1 ./Src/reconocedor.o
 .bss.cajas_abiertas_count
                0x20005154        0x1 ./Src/reconocedor.o
 .bss.maniquies_encontrados
                0x20005155        0x1 ./Src/reconocedor.o
 .bss.last_d6.4
                0x20005156        0x1 ./Src/reconocedor.o
 .bss.last_d7.3
                0x20005157        0x1 ./Src/reconocedor.o
 .bss.last_d8.2
                0x20005158        0x1 ./Src/reconocedor.o
 .bss.last_d9.1
                0x20005159        0x1 ./Src/reconocedor.o
 *fill*         0x2000515a        0x2 
 .bss.last_move_time.0
                0x2000515c        0x4 ./Src/reconocedor.o
 .bss.tasks     0x20005160      0x280 ./Src/sched.o
 .bss.num_tasks
                0x200053e0        0x1 ./Src/sched.o
 *fill*         0x200053e1        0x3 
 .bss.ticks     0x200053e4        0x4 ./Src/sched.o
 .bss.current_task
                0x200053e8        0x1 ./Src/sched.o
 *fill*         0x200053e9        0x3 
 .bss.quantum_counter
                0x200053ec        0x4 ./Src/sched.o
 .bss.preempt_flag
                0x200053f0        0x1 ./Src/sched.o
 .bss.force_schedule
                0x200053f1        0x1 ./Src/sched.o
 *fill*         0x200053f2        0x2 
 .bss.shell_sync_mutex
                0x200053f4       0x14 ./Src/shell.o
                0x200053f4                shell_sync_mutex
 .bss.input_buffer
                0x20005408       0x80 ./Src/shell.o
 .bss.input_pos
                0x20005488        0x4 ./Src/shell.o
 .bss.history   0x2000548c      0x500 ./Src/shell.o
 .bss.history_count
                0x2000598c        0x4 ./Src/shell.o
 .bss.snake_body
                0x20005990      0x7d0 ./Src/snake.o
 .bss.food_pos  0x20006160        0x2 ./Src/snake.o
 .bss.food_exists
                0x20006162        0x1 ./Src/snake.o
 .bss.game_state
                0x20006163        0x1 ./Src/snake.o
 .bss.score     0x20006164        0x4 ./Src/snake.o
 .bss.game_start_time
                0x20006168        0x4 ./Src/snake.o
 .bss.game_started
                0x2000616c        0x1 ./Src/snake.o
 .bss.game_paused
                0x2000616d        0x1 ./Src/snake.o
 *fill*         0x2000616e        0x2 
 .bss.pause_resume_time
                0x20006170        0x4 ./Src/snake.o
 .bss.waiting_to_resume
                0x20006174        0x1 ./Src/snake.o
 .bss.pause_message_cleared
                0x20006175        0x1 ./Src/snake.o
 *fill*         0x20006176        0x2 
 .bss.snake_sync_mutex
                0x20006178       0x14 ./Src/snake.o
                0x20006178                snake_sync_mutex
 .bss.initialized.5
                0x2000618c        0x1 ./Src/snake.o
 *fill*         0x2000618d        0x3 
 .bss.last_count_left.4
                0x20006190        0x4 ./Src/snake.o
 .bss.last_count_right.3
                0x20006194        0x4 ./Src/snake.o
 .bss.last_count_pause.2
                0x20006198        0x4 ./Src/snake.o
 .bss.last_tail.0
                0x2000619c        0x2 ./Src/snake.o
 .bss.game_state
                0x2000619e        0x1 ./Src/tanque.o
 .bss.winner    0x2000619f        0x1 ./Src/tanque.o
 .bss.game_running
                0x200061a0        0x1 ./Src/tanque.o
 *fill*         0x200061a1        0x3 
 .bss.mapa      0x200061a4      0x10a ./Src/tanque.o
 *fill*         0x200062ae        0x2 
 .bss.config_actual
                0x200062b0        0x6 ./Src/tanque.o
 *fill*         0x200062b6        0x2 
 .bss.tanque_azul
                0x200062b8        0x4 ./Src/tanque.o
 .bss.tanque_rojo
                0x200062bc        0x4 ./Src/tanque.o
 .bss.proyectiles
                0x200062c0       0x12 ./Src/tanque.o
 .bss.move_counter_azul
                0x200062d2        0x1 ./Src/tanque.o
 .bss.move_counter_rojo
                0x200062d3        0x1 ./Src/tanque.o
 .bss.move_button_hold_p1
                0x200062d4        0x1 ./Src/tanque.o
 .bss.move_button_hold_p2
                0x200062d5        0x1 ./Src/tanque.o
 *fill*         0x200062d6        0x2 
 .bss.tanque_game_state_mutex
                0x200062d8       0x14 ./Src/tanque.o
                0x200062d8                tanque_game_state_mutex
 .bss.tanque_map_mutex
                0x200062ec       0x14 ./Src/tanque.o
                0x200062ec                tanque_map_mutex
 .bss.tanque_tank_mutex
                0x20006300       0x14 ./Src/tanque.o
                0x20006300                tanque_tank_mutex
 .bss.tanque_projectile_mutex
                0x20006314       0x14 ./Src/tanque.o
                0x20006314                tanque_projectile_mutex
 .bss.tanque_input_ready_sem
                0x20006328       0x18 ./Src/tanque.o
                0x20006328                tanque_input_ready_sem
 .bss.tanque_logic_ready_sem
                0x20006340       0x18 ./Src/tanque.o
                0x20006340                tanque_logic_ready_sem
 .bss.tanque_render_ready_sem
                0x20006358       0x18 ./Src/tanque.o
                0x20006358                tanque_render_ready_sem
 .bss.initialized.8
                0x20006370        0x1 ./Src/tanque.o
 .bss.last_state_p1_left.7
                0x20006371        0x1 ./Src/tanque.o
 .bss.last_state_p1_right.6
                0x20006372        0x1 ./Src/tanque.o
 *fill*         0x20006373        0x1 
 .bss.last_count_p1_fire.5
                0x20006374        0x4 ./Src/tanque.o
 .bss.last_state_p2_left.4
                0x20006378        0x1 ./Src/tanque.o
 .bss.last_state_p2_right.3
                0x20006379        0x1 ./Src/tanque.o
 *fill*         0x2000637a        0x2 
 .bss.last_count_p2_fire.2
                0x2000637c        0x4 ./Src/tanque.o
 .bss.last_state_p1_forward.1
                0x20006380        0x1 ./Src/tanque.o
 .bss.last_state_p2_forward.0
                0x20006381        0x1 ./Src/tanque.o
 *fill*         0x20006382        0x2 
 .bss.light_trail_p1
                0x20006384      0xe10 ./Src/tron.o
 .bss.light_trail_p2
                0x20007194      0xe10 ./Src/tron.o
 .bss.light_trail_p3
                0x20007fa4      0xe10 ./Src/tron.o
 .bss.light_trail_p4
                0x20008db4      0xe10 ./Src/tron.o
 .bss.trail_length_p1
                0x20009bc4        0x2 ./Src/tron.o
 .bss.trail_length_p2
                0x20009bc6        0x2 ./Src/tron.o
 .bss.trail_length_p3
                0x20009bc8        0x2 ./Src/tron.o
 .bss.trail_length_p4
                0x20009bca        0x2 ./Src/tron.o
 .bss.bike_p1   0x20009bcc        0x2 ./Src/tron.o
 *fill*         0x20009bce        0x2 
 .bss.bike_p2   0x20009bd0        0x2 ./Src/tron.o
 *fill*         0x20009bd2        0x2 
 .bss.bike_p3   0x20009bd4        0x2 ./Src/tron.o
 *fill*         0x20009bd6        0x2 
 .bss.bike_p4   0x20009bd8        0x2 ./Src/tron.o
 .bss.dir_p4    0x20009bda        0x1 ./Src/tron.o
 *fill*         0x20009bdb        0x1 
 .bss.distance_p1
                0x20009bdc        0x4 ./Src/tron.o
 .bss.distance_p2
                0x20009be0        0x4 ./Src/tron.o
 .bss.distance_p3
                0x20009be4        0x4 ./Src/tron.o
 .bss.distance_p4
                0x20009be8        0x4 ./Src/tron.o
 .bss.winner    0x20009bec        0x1 ./Src/tron.o
 *fill*         0x20009bed        0x3 
 .bss.tron_game_state_mutex
                0x20009bf0       0x14 ./Src/tron.o
                0x20009bf0                tron_game_state_mutex
 .bss.tron_trail_mutex
                0x20009c04       0x14 ./Src/tron.o
                0x20009c04                tron_trail_mutex
 .bss.tron_bike_mutex
                0x20009c18       0x14 ./Src/tron.o
                0x20009c18                tron_bike_mutex
 .bss.tron_input_ready_sem
                0x20009c2c       0x18 ./Src/tron.o
                0x20009c2c                tron_input_ready_sem
 .bss.tron_logic_ready_sem
                0x20009c44       0x18 ./Src/tron.o
                0x20009c44                tron_logic_ready_sem
 .bss.tron_render_ready_sem
                0x20009c5c       0x18 ./Src/tron.o
                0x20009c5c                tron_render_ready_sem
 .bss.initialized.9
                0x20009c74        0x1 ./Src/tron.o
 *fill*         0x20009c75        0x3 
 .bss.last_count_p1_left.8
                0x20009c78        0x4 ./Src/tron.o
 .bss.last_count_p1_right.7
                0x20009c7c        0x4 ./Src/tron.o
 .bss.last_count_p2_left.6
                0x20009c80        0x4 ./Src/tron.o
 .bss.last_count_p2_right.5
                0x20009c84        0x4 ./Src/tron.o
 .bss.last_count_p3_left.4
                0x20009c88        0x4 ./Src/tron.o
 .bss.last_count_p3_right.3
                0x20009c8c        0x4 ./Src/tron.o
 .bss.last_count_p4_left.2
                0x20009c90        0x4 ./Src/tron.o
 .bss.last_count_p4_right.1
                0x20009c94        0x4 ./Src/tron.o
 .bss.light_trail_p1
                0x20009c98      0xe10 ./Src/tron2.o
 .bss.light_trail_p2
                0x2000aaa8      0xe10 ./Src/tron2.o
 .bss.trail_length_p1
                0x2000b8b8        0x2 ./Src/tron2.o
 .bss.trail_length_p2
                0x2000b8ba        0x2 ./Src/tron2.o
 .bss.bike_p1   0x2000b8bc        0x2 ./Src/tron2.o
 *fill*         0x2000b8be        0x2 
 .bss.bike_p2   0x2000b8c0        0x2 ./Src/tron2.o
 .bss.dir_changed_p1
                0x2000b8c2        0x1 ./Src/tron2.o
 .bss.dir_changed_p2
                0x2000b8c3        0x1 ./Src/tron2.o
 .bss.distance_p1
                0x2000b8c4        0x4 ./Src/tron2.o
 .bss.distance_p2
                0x2000b8c8        0x4 ./Src/tron2.o
 .bss.winner    0x2000b8cc        0x1 ./Src/tron2.o
 *fill*         0x2000b8cd        0x3 
 .bss.tron2_game_state_mutex
                0x2000b8d0       0x14 ./Src/tron2.o
                0x2000b8d0                tron2_game_state_mutex
 .bss.tron2_trail_mutex
                0x2000b8e4       0x14 ./Src/tron2.o
                0x2000b8e4                tron2_trail_mutex
 .bss.tron2_bike_mutex
                0x2000b8f8       0x14 ./Src/tron2.o
                0x2000b8f8                tron2_bike_mutex
 .bss.tron2_input_ready_sem
                0x2000b90c       0x18 ./Src/tron2.o
                0x2000b90c                tron2_input_ready_sem
 .bss.tron2_logic_ready_sem
                0x2000b924       0x18 ./Src/tron2.o
                0x2000b924                tron2_logic_ready_sem
 .bss.tron2_render_ready_sem
                0x2000b93c       0x18 ./Src/tron2.o
                0x2000b93c                tron2_render_ready_sem
 .bss.initialized.11
                0x2000b954        0x1 ./Src/tron2.o
 *fill*         0x2000b955        0x3 
 .bss.last_count_p1_right.10
                0x2000b958        0x4 ./Src/tron2.o
 .bss.last_count_p1_down.9
                0x2000b95c        0x4 ./Src/tron2.o
 .bss.last_count_p1_up.8
                0x2000b960        0x4 ./Src/tron2.o
 .bss.last_count_p1_left.7
                0x2000b964        0x4 ./Src/tron2.o
 .bss.last_count_p2_left.6
                0x2000b968        0x4 ./Src/tron2.o
 .bss.last_count_p2_up.5
                0x2000b96c        0x4 ./Src/tron2.o
 .bss.last_count_p2_down.4
                0x2000b970        0x4 ./Src/tron2.o
 .bss.last_count_p2_right.3
                0x2000b974        0x4 ./Src/tron2.o
 .bss.last_bike_p1.1
                0x2000b978        0x2 ./Src/tron2.o
 *fill*         0x2000b97a        0x2 
 .bss.last_bike_p2.0
                0x2000b97c        0x2 ./Src/tron2.o
 *fill*         0x2000b97e        0x2 
 .bss.app_counter_mutex
                0x2000b980        0x4 ./Src/user_apps.o
 .bss.count.4   0x2000b984        0x4 ./Src/user_apps.o
 .bss.local_count.2
                0x2000b988        0x4 ./Src/user_apps.o
 .bss.count.1   0x2000b98c        0x4 ./Src/user_apps.o
 .bss.last_btn_count.0
                0x2000b990        0x4 ./Src/user_apps.o
 *(COMMON)
                0x2000b994                        . = ALIGN (0x4)
                0x2000b994                        _ebss = .
                0x2000b994                        __bss_end__ = _ebss

._user_heap_stack
                0x2000b994      0x604 load address 0x0801cf1c
                0x2000b998                        . = ALIGN (0x8)
 *fill*         0x2000b994        0x4 
                [!provide]                        PROVIDE (end = .)
                0x2000b998                        PROVIDE (_end = .)
                0x2000bb98                        . = (. + _Min_Heap_Size)
 *fill*         0x2000b998      0x200 
                0x2000bf98                        . = (. + _Min_Stack_Size)
 *fill*         0x2000bb98      0x400 
                0x2000bf98                        . = ALIGN (0x8)

/DISCARD/
 libc.a(*)
 libm.a(*)
 libgcc.a(*)

.ARM.attributes
                0x00000000       0x30
 *(.ARM.attributes)
 .ARM.attributes
                0x00000000       0x22 C:/ST/STM32CubeIDE_1.19.0/STM32CubeIDE/plugins/com.st.stm32cube.ide.mcu.externaltools.gnu-tools-for-stm32.13.3.rel1.win32_1.0.0.202411081344/tools/bin/../lib/gcc/arm-none-eabi/13.3.1/thumb/v7e-m+fp/hard/crti.o
 .ARM.attributes
                0x00000022       0x34 C:/ST/STM32CubeIDE_1.19.0/STM32CubeIDE/plugins/com.st.stm32cube.ide.mcu.externaltools.gnu-tools-for-stm32.13.3.rel1.win32_1.0.0.202411081344/tools/bin/../lib/gcc/arm-none-eabi/13.3.1/thumb/v7e-m+fp/hard/crtbegin.o
 .ARM.attributes
                0x00000056       0x34 ./Src/aleatorio.o
 .ARM.attributes
                0x0000008a       0x34 ./Src/api.o
 .ARM.attributes
                0x000000be       0x34 ./Src/button.o
 .ARM.attributes
                0x000000f2       0x34 ./Src/context.o
 .ARM.attributes
                0x00000126       0x34 ./Src/demo_prem.o
 .ARM.attributes
                0x0000015a       0x34 ./Src/demo_scheduler_rr.o
 .ARM.attributes
                0x0000018e       0x34 ./Src/disco.o
 .ARM.attributes
                0x000001c2       0x34 ./Src/fs.o
 .ARM.attributes
                0x000001f6       0x34 ./Src/herenciaprioridad.o
 .ARM.attributes
                0x0000022a       0x34 ./Src/loader.o
 .ARM.attributes
                0x0000025e       0x34 ./Src/main.o
 .ARM.attributes
                0x00000292       0x34 ./Src/pantalla.o
 .ARM.attributes
                0x000002c6       0x34 ./Src/ramfs.o
 .ARM.attributes
                0x000002fa       0x34 ./Src/reconocedor.o
 .ARM.attributes
                0x0000032e       0x34 ./Src/sched.o
 .ARM.attributes
                0x00000362       0x34 ./Src/shell.o
 .ARM.attributes
                0x00000396       0x34 ./Src/snake.o
 .ARM.attributes
                0x000003ca       0x34 ./Src/sync.o
 .ARM.attributes
                0x000003fe       0x34 ./Src/tanque.o
 .ARM.attributes
                0x00000432       0x34 ./Src/tron.o
 .ARM.attributes
                0x00000466       0x34 ./Src/tron2.o
 .ARM.attributes
                0x0000049a       0x34 ./Src/uart.o
 .ARM.attributes
                0x000004ce       0x34 ./Src/user_apps.o
 .ARM.attributes
                0x00000502       0x21 ./Startup/startup_stm32f446retx.o
 .ARM.attributes
                0x00000523       0x34 C:/ST/STM32CubeIDE_1.19.0/STM32CubeIDE/plugins/com.st.stm32cube.ide.mcu.externaltools.gnu-tools-for-stm32.13.3.rel1.win32_1.0.0.202411081344/tools/bin/../lib/gcc/arm-none-eabi/13.3.1/../../../../arm-none-eabi/lib/thumb/v7e-m+fp/hard\libc_nano.a(libc_a-ctype_.o)
 .ARM.attributes
                0x00000557       0x34 C:/ST/STM32CubeIDE_1.19.0/STM32CubeIDE/plugins/com.st.stm32cube.ide.mcu.externaltools.gnu-tools-for-stm32.13.3.rel1.win32_1.0.0.202411081344/tools/bin/../lib/gcc/arm-none-eabi/13.3.1/../../../../arm-none-eabi/lib/thumb/v7e-m+fp/hard\libc_nano.a(libc_a-memset.o)
 .ARM.attributes
                0x0000058b       0x34 C:/ST/STM32CubeIDE_1.19.0/STM32CubeIDE/plugins/com.st.stm32cube.ide.mcu.externaltools.gnu-tools-for-stm32.13.3.rel1.win32_1.0.0.202411081344/tools/bin/../lib/gcc/arm-none-eabi/13.3.1/../../../../arm-none-eabi/lib/thumb/v7e-m+fp/hard\libc_nano.a(libc_a-strchr.o)
 .ARM.attributes
                0x000005bf       0x34 C:/ST/STM32CubeIDE_1.19.0/STM32CubeIDE/plugins/com.st.stm32cube.ide.mcu.externaltools.gnu-tools-for-stm32.13.3.rel1.win32_1.0.0.202411081344/tools/bin/../lib/gcc/arm-none-eabi/13.3.1/../../../../arm-none-eabi/lib/thumb/v7e-m+fp/hard\libc_nano.a(libc_a-init.o)
 .ARM.attributes
                0x000005f3       0x20 C:/ST/STM32CubeIDE_1.19.0/STM32CubeIDE/plugins/com.st.stm32cube.ide.mcu.externaltools.gnu-tools-for-stm32.13.3.rel1.win32_1.0.0.202411081344/tools/bin/../lib/gcc/arm-none-eabi/13.3.1/../../../../arm-none-eabi/lib/thumb/v7e-m+fp/hard\libc_nano.a(libc_a-strcmp.o)
 .ARM.attributes
                0x00000613       0x34 C:/ST/STM32CubeIDE_1.19.0/STM32CubeIDE/plugins/com.st.stm32cube.ide.mcu.externaltools.gnu-tools-for-stm32.13.3.rel1.win32_1.0.0.202411081344/tools/bin/../lib/gcc/arm-none-eabi/13.3.1/../../../../arm-none-eabi/lib/thumb/v7e-m+fp/hard\libc_nano.a(libc_a-strcpy.o)
 .ARM.attributes
                0x00000647       0x34 C:/ST/STM32CubeIDE_1.19.0/STM32CubeIDE/plugins/com.st.stm32cube.ide.mcu.externaltools.gnu-tools-for-stm32.13.3.rel1.win32_1.0.0.202411081344/tools/bin/../lib/gcc/arm-none-eabi/13.3.1/../../../../arm-none-eabi/lib/thumb/v7e-m+fp/hard\libc_nano.a(libc_a-memcpy-stub.o)
 .ARM.attributes
                0x0000067b       0x17 C:/ST/STM32CubeIDE_1.19.0/STM32CubeIDE/plugins/com.st.stm32cube.ide.mcu.externaltools.gnu-tools-for-stm32.13.3.rel1.win32_1.0.0.202411081344/tools/bin/../lib/gcc/arm-none-eabi/13.3.1/../../../../arm-none-eabi/lib/thumb/v7e-m+fp/hard\libc_nano.a(libc_a-strlen.o)
 .ARM.attributes
                0x00000692       0x22 C:/ST/STM32CubeIDE_1.19.0/STM32CubeIDE/plugins/com.st.stm32cube.ide.mcu.externaltools.gnu-tools-for-stm32.13.3.rel1.win32_1.0.0.202411081344/tools/bin/../lib/gcc/arm-none-eabi/13.3.1/thumb/v7e-m+fp/hard\libgcc.a(_arm_addsubdf3.o)
 .ARM.attributes
                0x000006b4       0x22 C:/ST/STM32CubeIDE_1.19.0/STM32CubeIDE/plugins/com.st.stm32cube.ide.mcu.externaltools.gnu-tools-for-stm32.13.3.rel1.win32_1.0.0.202411081344/tools/bin/../lib/gcc/arm-none-eabi/13.3.1/thumb/v7e-m+fp/hard\libgcc.a(_arm_fixdfsi.o)
 .ARM.attributes
                0x000006d6       0x22 C:/ST/STM32CubeIDE_1.19.0/STM32CubeIDE/plugins/com.st.stm32cube.ide.mcu.externaltools.gnu-tools-for-stm32.13.3.rel1.win32_1.0.0.202411081344/tools/bin/../lib/gcc/arm-none-eabi/13.3.1/thumb/v7e-m+fp/hard/crtn.o
OUTPUT(DaOS.elf elf32-littlearm)
LOAD linker stubs
LOAD C:/ST/STM32CubeIDE_1.19.0/STM32CubeIDE/plugins/com.st.stm32cube.ide.mcu.externaltools.gnu-tools-for-stm32.13.3.rel1.win32_1.0.0.202411081344/tools/bin/../lib/gcc/arm-none-eabi/13.3.1/../../../../arm-none-eabi/lib/thumb/v7e-m+fp/hard\libc.a