../Src/api.c:23:5:daos_task_create	24	static
../Src/api.c:38:6:daos_sleep_ms	16	static
../Src/api.c:43:6:daos_task_yield	8	static
../Src/api.c:48:6:daos_task_exit	8	static
../Src/api.c:53:10:daos_millis	8	static
../Src/api.c:58:9:daos_get_current_task_id	8	static
../Src/api.c:65:17:daos_get_task_real_priority	24	static
../Src/api.c:81:5:daos_get_task_list	152	static
../Src/api.c:99:6:daos_mutex_init	16	static
../Src/api.c:104:6:daos_mutex_lock	16	static
../Src/api.c:109:6:daos_mutex_unlock	16	static
../Src/api.c:114:5:daos_mutex_trylock	16	static
../Src/api.c:120:5:daos_mutex_lock_ex	16	static
../Src/api.c:128:6:daos_sem_init	24	static
../Src/api.c:137:5:daos_open	16	static
../Src/api.c:142:5:daos_read	24	static
../Src/api.c:147:5:daos_write	24	static
../Src/api.c:152:5:daos_close	16	static
../Src/api.c:157:5:daos_seek	24	static
../Src/api.c:162:5:daos_listdir	16	static
../Src/api.c:167:5:daos_exists	16	static
../Src/api.c:172:5:daos_get_file_size	16	static
../Src/api.c:177:5:daos_create_file	24	static
../Src/api.c:182:5:daos_delete_file	16	static
../Src/api.c:187:5:daos_append	24	static
../Src/api.c:196:6:daos_gfx_init	8	static
../Src/api.c:201:6:daos_gfx_clear	16	static
../Src/api.c:206:6:daos_gfx_fill_rect	40	static
../Src/api.c:211:6:daos_gfx_draw_pixel	24	static
../Src/api.c:216:6:daos_gfx_draw_text	32	static
../Src/api.c:221:6:daos_gfx_draw_text_large	32	static
../Src/api.c:226:6:daos_gfx_draw_circle	24	static
../Src/api.c:231:6:daos_gfx_draw_circle_filled	24	static
../Src/api.c:236:6:daos_gfx_blit16	24	static
../Src/api.c:241:6:daos_gfx_draw_rect	24	static
../Src/api.c:249:6:daos_gfx_hline	32	static
../Src/api.c:254:6:daos_gfx_vline	32	static
../Src/api.c:263:6:daos_audio_init	8	static
../Src/api.c:268:6:daos_audio_play_christmas	8	static
../Src/api.c:273:6:daos_audio_play_tone	16	static
../Src/api.c:278:6:daos_audio_stop	8	static
../Src/api.c:290:5:daos_btn_poll	24	static
../Src/api.c:303:5:daos_btn_get_event	16	static
../Src/api.c:312:10:daos_btn_get_press_count	8	static
../Src/api.c:319:5:daos_btn_read_blue	8	static
../Src/api.c:324:5:daos_btn_was_blue_pressed	8	static
../Src/api.c:329:6:daos_btn_update_all	8	static
../Src/api.c:335:5:daos_btn_read_by_index	16	static
../Src/api.c:340:10:daos_btn_get_count_by_index	16	static
../Src/api.c:345:6:daos_btn_reset_all_counts	8	static
../Src/api.c:350:13:daos_btn_get_name	16	static
../Src/api.c:355:13:daos_btn_get_label	16	static
../Src/api.c:360:6:daos_return_to_menu	8	static
../Src/api.c:371:6:daos_uart_puts	16	static
../Src/api.c:376:6:daos_uart_putc	16	static
../Src/api.c:381:6:daos_uart_putint	16	static
../Src/api.c:386:6:daos_uart_newline	8	static
../Src/api.c:391:6:daos_panic	16	static,ignoring_inline_asm
../Src/api.c:409:5:daos_loader_exec	24	static
../Src/api.c:423:6:daos_loader_list_apps	8	static
../Src/api.c:428:5:daos_loader_get_app_count	8	static
../Src/api.c:437:6:daos_shell_init	8	static
../Src/api.c:442:6:daos_shell_task	8	static
../Src/api.c:451:13:daos_get_version	4	static
../Src/api.c:456:13:daos_get_arch	4	static
../Src/api.c:461:6:daos_get_memory_info	32	static
../Src/api.c:471:10:daos_get_uptime_seconds	8	static
../Src/api.c:480:6:daos_init	8	static
../Src/api.c:492:6:daos_start	8	static,ignoring_inline_asm
../Src/api.c:503:6:daos_random_init	8	static
../Src/api.c:508:10:daos_random	8	static
../Src/api.c:513:10:daos_random_range	16	static
../Src/api.c:518:9:daos_random_byte	8	static
../Src/api.c:523:6:daos_random_reseed	8	static
../Src/api.c:532:10:daos_binario_calcular_checksum	32	static
../Src/api.c:542:5:daos_binario_validar	16	static
../Src/api.c:574:5:daos_binario_cargar	16	static
../Src/api.c:583:5:daos_binario_ejecutar	16	static
../Src/api.c:619:6:daos_binario_detener	16	static
../Src/api.c:636:28:daos_binario_crear	32	static
../Src/api.c:686:10:daos_mutex_get_inheritance_count	16	static
../Src/api.c:694:6:daos_mutex_reset_inheritance_count	16	static
../Src/api.c:705:6:daos_task_set_priority	24	static
../Src/api.c:723:5:daos_sem_wait	16	static
../Src/api.c:729:6:daos_sem_post	16	static
../Src/api.c:734:5:daos_sem_trywait	16	static
../Src/api.c:740:10:daos_sem_get_inheritance_count	16	static
../Src/api.c:746:6:daos_sem_reset_inheritance_count	16	static
../Src/api.c:751:5:daos_sem_get_holder	16	static
../Src/api.c:757:5:daos_sem_get_count	16	static
../Src/api.c:763:9:daos_mutex_get_owner	24	static
../Src/api.c:772:6:daos_mutex_increment_inheritance	24	static
../Src/api.c:780:6:daos_set_task_priority	16	static
