../Src/demo_scheduler_rr.c:37:13:uint32_to_str	16	static
../Src/demo_scheduler_rr.c:47:13:draw_header	16	static
../Src/demo_scheduler_rr.c:53:13:draw_task_stats	80	static
../Src/demo_scheduler_rr.c:151:13:task_a_critical	24	static
../Src/demo_scheduler_rr.c:173:13:task_b_normal	24	static
../Src/demo_scheduler_rr.c:195:13:task_c_normal	24	static
../Src/demo_scheduler_rr.c:217:13:task_d_low	24	static
../Src/demo_scheduler_rr.c:238:13:monitor_task	16	static
../Src/demo_scheduler_rr.c:273:6:demo_scheduler_rr_init	8	static
../Src/demo_scheduler_rr.c:310:6:demo_scheduler_rr_reset	8	static
../Src/demo_scheduler_rr.c:332:6:demo_scheduler_rr_cleanup	8	static
../Src/demo_scheduler_rr.c:344:6:demo_scheduler_rr_input	8	static
../Src/demo_scheduler_rr.c:345:6:demo_scheduler_rr_logic	8	static
../Src/demo_scheduler_rr.c:346:6:demo_scheduler_rr_render	8	static
../Src/demo_scheduler_rr.c:349:10:demo_rr_get_count_a	4	static
../Src/demo_scheduler_rr.c:350:10:demo_rr_get_count_b	4	static
../Src/demo_scheduler_rr.c:351:9:demo_rr_get_active_task	8	static
../Src/demo_scheduler_rr.c:352:10:demo_rr_get_context_switches	4	static
../Src/demo_scheduler_rr.c:353:10:demo_rr_get_cpu_time_a	4	static
../Src/demo_scheduler_rr.c:354:10:demo_rr_get_cpu_time_b	4	static
../Src/demo_scheduler_rr.c:355:10:demo_rr_get_count_c	4	static
../Src/demo_scheduler_rr.c:356:10:demo_rr_get_count_d	4	static
../Src/demo_scheduler_rr.c:357:10:demo_rr_get_cpu_time_c	4	static
../Src/demo_scheduler_rr.c:358:10:demo_rr_get_cpu_time_d	4	static
