../Src/demo_scheduler_rr.c:36:13:uint32_to_str	16	static
../Src/demo_scheduler_rr.c:45:13:draw_header	16	static
../Src/demo_scheduler_rr.c:50:13:draw_task_stats	88	static
../Src/demo_scheduler_rr.c:168:13:task_a_critical	24	static
../Src/demo_scheduler_rr.c:187:13:task_b_normal	24	static
../Src/demo_scheduler_rr.c:206:13:task_c_normal	24	static
../Src/demo_scheduler_rr.c:225:13:task_d_low	24	static
../Src/demo_scheduler_rr.c:243:13:monitor_task	40	static
../Src/demo_scheduler_rr.c:340:6:demo_scheduler_rr_init	8	static
../Src/demo_scheduler_rr.c:387:6:demo_scheduler_rr_reset	8	static
../Src/demo_scheduler_rr.c:406:6:demo_scheduler_rr_cleanup	8	static
../Src/demo_scheduler_rr.c:422:6:demo_scheduler_rr_input	8	static
../Src/demo_scheduler_rr.c:426:6:demo_scheduler_rr_logic	8	static
../Src/demo_scheduler_rr.c:430:6:demo_scheduler_rr_render	8	static
../Src/demo_scheduler_rr.c:435:10:demo_rr_get_count_a	4	static
../Src/demo_scheduler_rr.c:439:10:demo_rr_get_count_b	4	static
../Src/demo_scheduler_rr.c:443:9:demo_rr_get_active_task	8	static
../Src/demo_scheduler_rr.c:447:10:demo_rr_get_context_switches	4	static
../Src/demo_scheduler_rr.c:451:10:demo_rr_get_cpu_time_a	4	static
../Src/demo_scheduler_rr.c:455:10:demo_rr_get_cpu_time_b	4	static
../Src/demo_scheduler_rr.c:460:10:demo_rr_get_count_c	4	static
../Src/demo_scheduler_rr.c:464:10:demo_rr_get_count_d	4	static
../Src/demo_scheduler_rr.c:468:10:demo_rr_get_cpu_time_c	4	static
../Src/demo_scheduler_rr.c:472:10:demo_rr_get_cpu_time_d	4	static
