../Src/fat.c:47:13:delay_ms	24	static
../Src/fat.c:51:13:cs_high	4	static
../Src/fat.c:55:13:cs_low	4	static
../Src/fat.c:59:16:spi_transfer	16	static
../Src/fat.c:66:13:spi_init	8	static
../Src/fat.c:97:13:spi_set_speed	16	static
../Src/fat.c:105:16:sd_command	32	static
../Src/fat.c:133:16:sd_init_method_1	24	static
../Src/fat.c:185:16:sd_init_method_2	24	static
../Src/fat.c:240:16:sd_init_method_3	24	static
../Src/fat.c:289:9:fat_init	8	static
../Src/fat.c:330:9:fat_read_sector	40	static
../Src/fat.c:370:9:fat_write_sector	32	static
../Src/fat.c:414:9:fat_is_ready	4	static
../Src/fat.c:420:9:fat_crear_archivo	32	static
../Src/fat.c:462:6:fat_listar_archivos	24	static
../Src/fat.c:496:9:fat_leer_archivo	24	static
../Src/fat.c:513:9:fat_borrar_archivo	24	static
