../Src/ramfs.c:34:12:find_free_inode	16	static
../Src/ramfs.c:46:12:find_inode_by_name	24	static
../Src/ramfs.c:58:12:count_free_blocks_from	24	static
../Src/ramfs.c:70:12:find_free_blocks	24	static
../Src/ramfs.c:82:13:mark_blocks_used	24	static
../Src/ramfs.c:91:13:free_blocks	24	static
../Src/ramfs.c:100:12:find_free_fd	16	static
../Src/ramfs.c:113:6:ramfs_init	24	static
../Src/ramfs.c:150:5:ramfs_open	24	static
../Src/ramfs.c:214:5:ramfs_read	80	static
../Src/ramfs.c:270:5:ramfs_write	104	static
../Src/ramfs.c:357:5:ramfs_seek	40	static
../Src/ramfs.c:397:5:ramfs_close	16	static
../Src/ramfs.c:414:5:ramfs_create	32	static
../Src/ramfs.c:424:5:ramfs_delete	24	static
../Src/ramfs.c:438:5:ramfs_exists	16	static
../Src/ramfs.c:442:5:ramfs_get_size	24	static
../Src/ramfs.c:447:5:ramfs_listdir	32	static
../Src/ramfs.c:463:6:ramfs_listdir_uart	16	static
../Src/ramfs.c:485:6:ramfs_stats	40	static
../Src/ramfs.c:506:5:ramfs_truncate	24	static
../Src/ramfs.c:520:5:ramfs_rename	24	static
../Src/ramfs.c:536:5:ramfs_append	32	static
