../Src/reconocedor.c:288:23:random_range	16	static
../Src/reconocedor.c:292:16:es_valido	16	static
../Src/reconocedor.c:296:16:is_maniqui_at	24	static
../Src/reconocedor.c:315:13:generar_laberinto_recursivo	32	static
../Src/reconocedor.c:343:13:crear_area_central	16	static
../Src/reconocedor.c:356:13:colocar_cajas	16	static
../Src/reconocedor.c:384:13:colocar_raices	16	static
../Src/reconocedor.c:399:13:generar_mapa_laberinto	16	static
../Src/reconocedor.c:454:13:draw_horizontal_line	32	static
../Src/reconocedor.c:464:13:draw_vertical_line	32	static
../Src/reconocedor.c:474:13:draw_tile	40	static
../Src/reconocedor.c:505:13:draw_tile_rotated	48	static
../Src/reconocedor.c:556:13:draw_tile_centro	32	static
../Src/reconocedor.c:567:13:draw_tile_raiz	32	static
../Src/reconocedor.c:578:13:redraw_tile_content	32	static
../Src/reconocedor.c:616:16:try_move_escondedor	24	static
../Src/reconocedor.c:678:13:toggle_maniqui	32	static
../Src/reconocedor.c:750:13:init_ray_table_3d	24	static
../Src/reconocedor.c:777:15:cast_ray_optimized	80	static
../Src/reconocedor.c:849:17:get_wall_color_fast_3d	48	static
../Src/reconocedor.c:883:13:render_3d_view	96	static
../Src/reconocedor.c:951:13:draw_minimap_3d	112	static
../Src/reconocedor.c:1028:13:draw_hud_3d	112	static
../Src/reconocedor.c:1124:13:fase_2d_render	40	static
../Src/reconocedor.c:1209:13:fase_3d_render	8	static
../Src/reconocedor.c:1220:13:intentar_abrir_caja	40	static
../Src/reconocedor.c:1351:6:reconocedor_input_task	72	static
../Src/reconocedor.c:1600:6:reconocedor_logic_task	8	static
../Src/reconocedor.c:1610:6:reconocedor_render_task	56	static
../Src/reconocedor.c:1708:6:reconocedor_init	8	static
../Src/reconocedor.c:1749:6:reconocedor_regenerar_mapa	8	static
../Src/reconocedor.c:1771:6:reconocedor_reset	8	static
../Src/reconocedor.c:1775:6:reconocedor_cleanup	8	static
