../Src/sched.c:45:16:get_task_quantum	16	static
../Src/sched.c:59:16:has_higher_priority_ready	24	static
../Src/sched.c:75:16:find_highest_priority_ready	32	static
../Src/sched.c:135:13:apply_aging	24	static
../Src/sched.c:153:6:SysTick_Handler	16	static
../Src/sched.c:195:6:task_create	16	static
../Src/sched.c:214:6:task_delay	16	static
../Src/sched.c:228:6:task_yield	4	static
../Src/sched.c:237:6:task_set_priority	16	static
../Src/sched.c:244:9:get_current_task_id	4	static
../Src/sched.c:248:14:get_task_priority	16	static
../Src/sched.c:253:10:millis	4	static
../Src/sched.c:257:10:task_get_overruns	16	static
../Src/sched.c:262:6:task_exit	8	static
../Src/sched.c:270:9:task_get_count	4	static
../Src/sched.c:274:5:get_task_list	24	static
../Src/sched.c:285:6:sched_kill_all_tasks	16	static
../Src/sched.c:302:6:sched_start	32	static
