../Src/shell.c:35:13:uart_getc_nonblocking	16	static
../Src/shell.c:50:13:cmd_help	8	static
../Src/shell.c:77:13:cmd_chlorine	16	static
../Src/shell.c:82:13:cmd_bewitched	144	static
../Src/shell.c:111:13:cmd_library	544	static
../Src/shell.c:151:13:cmd_invoke	288	static
../Src/shell.c:191:13:cmd_touch	96	static
../Src/shell.c:238:13:cmd_edit	96	static
../Src/shell.c:284:13:cmd_append	96	static
../Src/shell.c:325:13:cmd_remove	24	static
../Src/shell.c:351:13:cmd_rename	1184	static
../Src/shell.c:431:13:cmd_hexdump	64	static
../Src/shell.c:495:13:cmd_mingle	24	static
../Src/shell.c:516:13:cmd_fly	24	static
../Src/shell.c:546:13:cmd_hourglass	24	static
../Src/shell.c:561:13:cmd_cauldronVer	8	static
../Src/shell.c:583:13:cmd_revive	16	static
../Src/shell.c:594:13:cmd_exit	16	static
../Src/shell.c:631:13:parse_and_execute	32	static
../Src/shell.c:673:6:shell_task	16	static
../Src/shell.c:742:6:shell_init	8	static
