../Src/tanque.c:202:23:random_range	16	static
../Src/tanque.c:209:13:draw_horizontal_line	32	static
../Src/tanque.c:219:13:draw_vertical_line	32	static
../Src/tanque.c:229:13:draw_tile_rotated	48	static
../Src/tanque.c:280:13:draw_tile	16	static
../Src/tanque.c:284:13:draw_projectile	32	static
../Src/tanque.c:299:13:redraw_tile_content	32	static
../Src/tanque.c:337:13:clear_tank_position	16	static
../Src/tanque.c:344:16:can_move_to	24	static
../Src/tanque.c:358:16:try_move_tank	24	static
../Src/tanque.c:426:22:check_game_over	16	static
../Src/tanque.c:470:22:shoot_projectile	32	static
../Src/tanque.c:527:25:update_projectile_movement	32	static
../Src/tanque.c:603:22:generar_config_aleatoria	16	static
../Src/tanque.c:612:22:generar_mapa_con_config	72	static
../Src/tanque.c:771:15:tanque_regenerar_mapa	8	static
../Src/tanque.c:781:15:tanque_input_task	64	static
../Src/tanque.c:986:15:tanque_logic_task	16	static
../Src/tanque.c:1019:15:tanque_render_task	48	static
../Src/tanque.c:1177:28:tanque_init	16	static
../Src/tanque.c:1228:28:tanque_cleanup	8	static
../Src/tanque.c:1244:38:tanque_get_state	16	static
../Src/tanque.c:1253:39:tanque_get_winner	16	static
